###############################################################################
#                                                                             #
# IAR ELF Linker V6.50.1.4415/W32 for ARM               22/Feb/2021  09:43:08 #
# Copyright 2007-2012 IAR Systems AB.                                         #
#                                                                             #
#    Output file  =  E:\SPIMaster\SPIMaster_BadDataTest5_spi_rate_and_timerPW #
#                    M\Trunk\iar\Debug\Exe\SPIMaster.out.tmp                  #
#    Map file     =  E:\SPIMaster\SPIMaster_BadDataTest5_spi_rate_and_timerPW #
#                    M\Trunk\iar\Debug\List\SPIMaster.map                     #
#    Command line =  E:\SPIMaster\SPIMaster_BadDataTest5_spi_rate_and_timerPW #
#                    M\RtosSalvo\Iar\Debug\Exe\salvo.a                        #
#                    E:\SPIMaster\SPIMaster_BadDataTest5_spi_rate_and_timerPW #
#                    M\Trunk\iar\Debug\Obj\ConfigureGPIOPins.o                #
#                    E:\SPIMaster\SPIMaster_BadDataTest5_spi_rate_and_timerPW #
#                    M\Trunk\iar\Debug\Obj\SyncTimer.o                        #
#                    E:\SPIMaster\SPIMaster_BadDataTest5_spi_rate_and_timerPW #
#                    M\Trunk\iar\Debug\Obj\UserCommunication_SPI.o            #
#                    E:\SPIMaster\SPIMaster_BadDataTest5_spi_rate_and_timerPW #
#                    M\Trunk\iar\Debug\Obj\bsp.o                              #
#                    E:\SPIMaster\SPIMaster_BadDataTest5_spi_rate_and_timerPW #
#                    M\Trunk\iar\Debug\Obj\circbuf.o                          #
#                    E:\SPIMaster\SPIMaster_BadDataTest5_spi_rate_and_timerPW #
#                    M\Trunk\iar\Debug\Obj\commandLine.o                      #
#                    E:\SPIMaster\SPIMaster_BadDataTest5_spi_rate_and_timerPW #
#                    M\Trunk\iar\Debug\Obj\commandTable.o                     #
#                    E:\SPIMaster\SPIMaster_BadDataTest5_spi_rate_and_timerPW #
#                    M\Trunk\iar\Debug\Obj\commands.o                         #
#                    E:\SPIMaster\SPIMaster_BadDataTest5_spi_rate_and_timerPW #
#                    M\Trunk\iar\Debug\Obj\debug.o                            #
#                    E:\SPIMaster\SPIMaster_BadDataTest5_spi_rate_and_timerPW #
#                    M\Trunk\iar\Debug\Obj\debug_usart.o                      #
#                    E:\SPIMaster\SPIMaster_BadDataTest5_spi_rate_and_timerPW #
#                    M\Trunk\iar\Debug\Obj\iar_stm32f207zg_sk.o               #
#                    E:\SPIMaster\SPIMaster_BadDataTest5_spi_rate_and_timerPW #
#                    M\Trunk\iar\Debug\Obj\main.o                             #
#                    E:\SPIMaster\SPIMaster_BadDataTest5_spi_rate_and_timerPW #
#                    M\Trunk\iar\Debug\Obj\misc.o                             #
#                    E:\SPIMaster\SPIMaster_BadDataTest5_spi_rate_and_timerPW #
#                    M\Trunk\iar\Debug\Obj\salvohook_idle.o                   #
#                    E:\SPIMaster\SPIMaster_BadDataTest5_spi_rate_and_timerPW #
#                    M\Trunk\iar\Debug\Obj\salvohook_interrupt.o              #
#                    E:\SPIMaster\SPIMaster_BadDataTest5_spi_rate_and_timerPW #
#                    M\Trunk\iar\Debug\Obj\salvohook_wdt.o                    #
#                    E:\SPIMaster\SPIMaster_BadDataTest5_spi_rate_and_timerPW #
#                    M\Trunk\iar\Debug\Obj\spi.o                              #
#                    E:\SPIMaster\SPIMaster_BadDataTest5_spi_rate_and_timerPW #
#                    M\Trunk\iar\Debug\Obj\startup_stm32f2xx.o                #
#                    E:\SPIMaster\SPIMaster_BadDataTest5_spi_rate_and_timerPW #
#                    M\Trunk\iar\Debug\Obj\stm32f2xx_adc.o                    #
#                    E:\SPIMaster\SPIMaster_BadDataTest5_spi_rate_and_timerPW #
#                    M\Trunk\iar\Debug\Obj\stm32f2xx_can.o                    #
#                    E:\SPIMaster\SPIMaster_BadDataTest5_spi_rate_and_timerPW #
#                    M\Trunk\iar\Debug\Obj\stm32f2xx_crc.o                    #
#                    E:\SPIMaster\SPIMaster_BadDataTest5_spi_rate_and_timerPW #
#                    M\Trunk\iar\Debug\Obj\stm32f2xx_cryp.o                   #
#                    E:\SPIMaster\SPIMaster_BadDataTest5_spi_rate_and_timerPW #
#                    M\Trunk\iar\Debug\Obj\stm32f2xx_cryp_aes.o               #
#                    E:\SPIMaster\SPIMaster_BadDataTest5_spi_rate_and_timerPW #
#                    M\Trunk\iar\Debug\Obj\stm32f2xx_cryp_des.o               #
#                    E:\SPIMaster\SPIMaster_BadDataTest5_spi_rate_and_timerPW #
#                    M\Trunk\iar\Debug\Obj\stm32f2xx_cryp_tdes.o              #
#                    E:\SPIMaster\SPIMaster_BadDataTest5_spi_rate_and_timerPW #
#                    M\Trunk\iar\Debug\Obj\stm32f2xx_dac.o                    #
#                    E:\SPIMaster\SPIMaster_BadDataTest5_spi_rate_and_timerPW #
#                    M\Trunk\iar\Debug\Obj\stm32f2xx_dbgmcu.o                 #
#                    E:\SPIMaster\SPIMaster_BadDataTest5_spi_rate_and_timerPW #
#                    M\Trunk\iar\Debug\Obj\stm32f2xx_dcmi.o                   #
#                    E:\SPIMaster\SPIMaster_BadDataTest5_spi_rate_and_timerPW #
#                    M\Trunk\iar\Debug\Obj\stm32f2xx_dma.o                    #
#                    E:\SPIMaster\SPIMaster_BadDataTest5_spi_rate_and_timerPW #
#                    M\Trunk\iar\Debug\Obj\stm32f2xx_exti.o                   #
#                    E:\SPIMaster\SPIMaster_BadDataTest5_spi_rate_and_timerPW #
#                    M\Trunk\iar\Debug\Obj\stm32f2xx_flash.o                  #
#                    E:\SPIMaster\SPIMaster_BadDataTest5_spi_rate_and_timerPW #
#                    M\Trunk\iar\Debug\Obj\stm32f2xx_fsmc.o                   #
#                    E:\SPIMaster\SPIMaster_BadDataTest5_spi_rate_and_timerPW #
#                    M\Trunk\iar\Debug\Obj\stm32f2xx_gpio.o                   #
#                    E:\SPIMaster\SPIMaster_BadDataTest5_spi_rate_and_timerPW #
#                    M\Trunk\iar\Debug\Obj\stm32f2xx_hash.o                   #
#                    E:\SPIMaster\SPIMaster_BadDataTest5_spi_rate_and_timerPW #
#                    M\Trunk\iar\Debug\Obj\stm32f2xx_hash_md5.o               #
#                    E:\SPIMaster\SPIMaster_BadDataTest5_spi_rate_and_timerPW #
#                    M\Trunk\iar\Debug\Obj\stm32f2xx_hash_sha1.o              #
#                    E:\SPIMaster\SPIMaster_BadDataTest5_spi_rate_and_timerPW #
#                    M\Trunk\iar\Debug\Obj\stm32f2xx_i2c.o                    #
#                    E:\SPIMaster\SPIMaster_BadDataTest5_spi_rate_and_timerPW #
#                    M\Trunk\iar\Debug\Obj\stm32f2xx_iwdg.o                   #
#                    E:\SPIMaster\SPIMaster_BadDataTest5_spi_rate_and_timerPW #
#                    M\Trunk\iar\Debug\Obj\stm32f2xx_pwr.o                    #
#                    E:\SPIMaster\SPIMaster_BadDataTest5_spi_rate_and_timerPW #
#                    M\Trunk\iar\Debug\Obj\stm32f2xx_rcc.o                    #
#                    E:\SPIMaster\SPIMaster_BadDataTest5_spi_rate_and_timerPW #
#                    M\Trunk\iar\Debug\Obj\stm32f2xx_rng.o                    #
#                    E:\SPIMaster\SPIMaster_BadDataTest5_spi_rate_and_timerPW #
#                    M\Trunk\iar\Debug\Obj\stm32f2xx_rtc.o                    #
#                    E:\SPIMaster\SPIMaster_BadDataTest5_spi_rate_and_timerPW #
#                    M\Trunk\iar\Debug\Obj\stm32f2xx_sdio.o                   #
#                    E:\SPIMaster\SPIMaster_BadDataTest5_spi_rate_and_timerPW #
#                    M\Trunk\iar\Debug\Obj\stm32f2xx_spi.o                    #
#                    E:\SPIMaster\SPIMaster_BadDataTest5_spi_rate_and_timerPW #
#                    M\Trunk\iar\Debug\Obj\stm32f2xx_syscfg.o                 #
#                    E:\SPIMaster\SPIMaster_BadDataTest5_spi_rate_and_timerPW #
#                    M\Trunk\iar\Debug\Obj\stm32f2xx_tim.o                    #
#                    E:\SPIMaster\SPIMaster_BadDataTest5_spi_rate_and_timerPW #
#                    M\Trunk\iar\Debug\Obj\stm32f2xx_usart.o                  #
#                    E:\SPIMaster\SPIMaster_BadDataTest5_spi_rate_and_timerPW #
#                    M\Trunk\iar\Debug\Obj\stm32f2xx_wwdg.o                   #
#                    E:\SPIMaster\SPIMaster_BadDataTest5_spi_rate_and_timerPW #
#                    M\Trunk\iar\Debug\Obj\system_stm32f2xx.o                 #
#                    E:\SPIMaster\SPIMaster_BadDataTest5_spi_rate_and_timerPW #
#                    M\Trunk\iar\Debug\Obj\timer.o                            #
#                    E:\SPIMaster\SPIMaster_BadDataTest5_spi_rate_and_timerPW #
#                    M\Trunk\iar\Debug\Obj\utilities.o -o                     #
#                    E:\SPIMaster\SPIMaster_BadDataTest5_spi_rate_and_timerPW #
#                    M\Trunk\iar\Debug\Exe\SPIMaster.out.tmp --map            #
#                    E:\SPIMaster\SPIMaster_BadDataTest5_spi_rate_and_timerPW #
#                    M\Trunk\iar\Debug\List\SPIMaster.map --log               #
#                    initialization,modules,redirects,sections,               #
#                    unused_fragments --log_file                              #
#                    E:\SPIMaster\SPIMaster_BadDataTest5_spi_rate_and_timerPW #
#                    M\Trunk\iar\Debug\List\SPIMaster.log --config            #
#                    E:\SPIMaster\SPIMaster_BadDataTest5_spi_rate_and_timerPW #
#                    M\Trunk\iar\..\src\board\stm32f2xx_flash.icf             #
#                    --semihosting --entry __iar_program_start --redirect     #
#                    __iar_sh_stdout=__iar_sh_stdout_swo --no_exceptions      #
#                    --vfe                                                    #
#                                                                             #
#                                                                             #
###############################################################################

*******************************************************************************
*** RUNTIME MODEL ATTRIBUTES
***

CppFlavor                     = *
__SystemLibrary               = DLib
__dlib_dynamic_initialization = normal


*******************************************************************************
*** PLACEMENT SUMMARY
***

"A1":  place at 0x08000000 { ro section .intvec };
"P2":  place in [from 0x08000000 to 0x080dffff] { ro };
"P3":  place in [from 0x20000000 to 0x20020000] { rw, block CSTACK, block HEAP };

  Section             Kind        Address    Size  Object
  -------             ----        -------    ----  ------
"A1":                                       0x190
  .intvec             ro code  0x08000000   0x190  startup_stm32f2xx.o [1]
                             - 0x08000190   0x190

"P2":                                      0xdf00
  .text               ro code  0x08000190  0x5618  commands.o [1]
  .text               ro code  0x080057a8   0x190  debug.o [1]
  .text               ro code  0x08005938   0x368  stm32f2xx_rcc.o [1]
  .text               ro code  0x08005ca0   0x124  stm32f2xx_gpio.o [1]
  .text               ro code  0x08005dc4    0xb4  stm32f2xx_exti.o [1]
  .text               ro code  0x08005e78    0x54  stm32f2xx_syscfg.o [1]
  .text               ro code  0x08005ecc    0x7c  misc.o [1]
  .text               ro code  0x08005f48    0x2c  salvohook_interrupt.o [1]
  .text               ro code  0x08005f74   0x1c8  commandLine.o [1]
  .text               ro code  0x0800613c   0x830  spi.o [1]
  .text               ro code  0x0800696c    0xe0  timer.o [1]
  .text               ro code  0x08006a4c     0x6  ABImemclr4.o [5]
  .text               ro code  0x08006a52    0x22  zero_init3.o [5]
  .text               ro code  0x08006a74    0x32  I32ToFlt.o [4]
  .text               ro code  0x08006aa6     0xa  xsprout.o [3]
  .text               ro code  0x08006ab0    0x4e  FltToDbl.o [4]
  .rodata             const    0x08006afe     0x2  commandTable.o [1]
  .text               ro code  0x08006b00   0x1a2  DblMul.o [4]
  .rodata             const    0x08006ca2     0x2  commandTable.o [1]
  .text               ro code  0x08006ca4    0x90  DblToFlt.o [4]
  .text               ro code  0x08006d34    0x24  FltCmpGe.o [4]
  .text               ro code  0x08006d58    0x44  FltToS32.o [4]
  .text               ro code  0x08006d9c     0x8  abs.o [3]
  .text               ro code  0x08006da4    0xe8  DblAdd.o [4]
  .text               ro code  0x08006e8c    0x16  commands.o [1]
  .text               ro code  0x08006ea2    0xee  utilities.o [1]
  .text               ro code  0x08006f90   0x246  DblDiv.o [4]
  .rodata             const    0x080071d6     0x2  commandTable.o [1]
  .text               ro code  0x080071d8    0x4c  DblToI32.o [4]
  .text               ro code  0x08007224    0x42  strcmp.o [5]
  .text               ro code  0x08007266    0xda  bsp.o [1]
  .text               ro code  0x08007340    0x84  UserCommunication_SPI.o [1]
  .text               ro code  0x080073c4    0x2c  I32ToDbl.o [4]
  .text               ro code  0x080073f0    0x2e  DblCmpGe.o [4]
  .rodata             const    0x0800741e     0x1  commandTable.o [1]
  .text               ro code  0x08007420    0x2e  DblCmpLe.o [4]
  .text               ro code  0x08007450   0x860  pow.o [4]
  .text               ro code  0x08007cb0    0x34  sprintf.o [3]
  .text               ro code  0x08007ce4   0x1c8  SyncTimer.o [1]
  .text               ro code  0x08007eac    0x24  FltCmpLe.o [4]
  .text               ro code  0x08007ed0    0x16  commands.o [1]
  .text               ro code  0x08007ee8   0x264  debug_usart.o [1]
  .text               ro code  0x0800814c    0xe6  FltSub.o [4]
  .text               ro code  0x08008234    0xd8  FltMul.o [4]
  .text               ro code  0x0800830c     0x8  atoi.o [3]
  .text               ro code  0x08008314     0x8  atof.o [4]
  .text               ro code  0x0800831c    0xfe  stm32f2xx_spi.o [1]
  .text               ro code  0x0800841c    0x2c  salvotimer.o [6]
  .text               ro code  0x08008448    0x32  ABImemset48.o [5]
  .text               ro code  0x0800847c   0x180  DblSub.o [4]
  .text               ro code  0x080085fc    0x66  ABImemset.o [5]
  .text               ro code  0x08008664    0x98  iar_stm32f207zg_sk.o [1]
  .text               ro code  0x080086fc    0x8c  stm32f2xx_flash.o [1]
  .text               ro code  0x08008788   0x258  system_stm32f2xx.o [1]
  .text               ro code  0x080089e0    0x42  xdnorm.o [4]
  .text               ro code  0x08008a22    0x7e  xdint.o [4]
  .text               ro code  0x08008aa0    0x20  DblCmpEq.o [4]
  .text               ro code  0x08008ac0     0xc  errno.o [3]
  .text               ro code  0x08008acc    0xa8  xlog.o [4]
  .text               ro code  0x08008b74   0x2a4  xexp.o [4]
  .text               ro code  0x08008e18   0x15e  xprintftiny.o [3]
  .text               ro code  0x08008f78   0x1b8  stm32f2xx_tim.o [1]
  .text               ro code  0x08009130    0x76  ABImemcpy.o [5]
  .text               ro code  0x080091a6    0x9a  circbuf.o [1]
  .text               ro code  0x08009240   0x19c  stm32f2xx_usart.o [1]
  .text               ro code  0x080093dc    0xd0  salvobinsem.o [6]
  .text               ro code  0x080094ac    0x74  FltAdd.o [4]
  .text               ro code  0x08009520   0x16c  xstoul.o [3]
  .text               ro code  0x0800968c   0x140  xstod.o [4]
  .text               ro code  0x080097cc     0x2  xtls.o [3]
  .text               ro code  0x080097ce    0x32  xdtest.o [4]
  .text               ro code  0x08009800   0x10c  xdscale.o [4]
  .text               ro code  0x0800990c    0x36  strlen.o [5]
  .text               ro code  0x08009944   0x12c  salvoevent.o [6]
  .text               ro code  0x08009a70    0x28  isxxx.o [3]
  .text               ro code  0x08009a98    0x14  tolower.o [3]
  .text               ro code  0x08009aac    0x58  memchr.o [5]
  .text               ro code  0x08009b04   0x134  xstopfx.o [3]
  .text               ro code  0x08009c38   0x1bc  xstoflt.o [3]
  .rodata             const    0x08009df4    0x7c  commandTable.o [1]
  .text               ro code  0x08009e70   0x1c8  xdtento.o [4]
  .text               ro code  0x0800a038   0x208  xstoxflt.o [3]
  .text               ro code  0x0800a240    0xa0  salvoqdel.o [6]
  .text               ro code  0x0800a2e0    0xac  salvoqins.o [6]
  .text               ro code  0x0800a38c    0x18  setlocale.o [3]
  .text               ro code  0x0800a3a4    0x16  xlocale_c.o [3]
  .text               ro code  0x0800a3ba    0x14  xlocale_c.o [3]
  .text               ro code  0x0800a3ce     0xc  xlocale_c.o [3]
  .text               ro code  0x0800a3dc    0x6c  localeconv.o [3]
  .text               ro code  0x0800a448    0x56  xdunscal.o [4]
  .rodata             const    0x0800a4a0   0x370  commandTable.o [1]
  .text               ro code  0x0800a810   0x218  salvosched.o [6]
  .text               ro code  0x0800aa28     0x2  salvohook_wdt.o [1]
  CODE                ro code  0x0800aa2c    0x6c  salvoportiararm.o [6]
  .text               ro code  0x0800aa98     0x2  salvohook_idle.o [1]
  .rodata             const    0x0800aa9c   0x17c  commandTable.o [1]
  .rodata             const    0x0800ac18   0x178  commandTable.o [1]
  .rodata             const    0x0800ad90   0x174  commandTable.o [1]
  .rodata             const    0x0800af04   0x174  commandTable.o [1]
  .text               ro code  0x0800b078   0x158  main.o [1]
  .text               ro code  0x0800b1d0   0x138  ConfigureGPIOPins.o [1]
  .text               ro code  0x0800b308    0x48  salvoinit.o [6]
  .text               ro code  0x0800b350    0x7a  salvoinit2.o [6]
  .text               ro code  0x0800b3cc    0x84  salvodelay.o [6]
  .rodata             const    0x0800b450   0x134  commandTable.o [1]
  .rodata             const    0x0800b584   0x130  commandTable.o [1]
  .rodata             const    0x0800b6b4    0xf0  commandTable.o [1]
  .rodata             const    0x0800b7a4    0xdc  commandTable.o [1]
  .rodata             const    0x0800b880    0xd4  commandTable.o [1]
  .rodata             const    0x0800b954    0xd0  commandTable.o [1]
  .rodata             const    0x0800ba24    0xd0  commandTable.o [1]
  .rodata             const    0x0800baf4    0xcc  commandTable.o [1]
  .rodata             const    0x0800bbc0    0xcc  commandTable.o [1]
  .rodata             const    0x0800bc8c    0xc0  commandTable.o [1]
  .rodata             const    0x0800bd4c    0xc0  commandTable.o [1]
  .rodata             const    0x0800be0c    0xb4  commandTable.o [1]
  .rodata             const    0x0800bec0    0xb0  commandTable.o [1]
  .text               ro code  0x0800bf70    0xb0  packbits_init.o [5]
  .text               ro code  0x0800c020     0x6  abort.o [3]
  .text               ro code  0x0800c028    0x14  exit.o [7]
  .rodata             const    0x0800c03c    0xac  commandTable.o [1]
  .rodata             const    0x0800c0e8    0xac  commandTable.o [1]
  .rodata             const    0x0800c194    0xa4  commandTable.o [1]
  .rodata             const    0x0800c238    0xa0  commandTable.o [1]
  .rodata             const    0x0800c2d8    0xa0  commandTable.o [1]
  .rodata             const    0x0800c378    0xa0  commandTable.o [1]
  .rodata             const    0x0800c418    0x9c  commandTable.o [1]
  .rodata             const    0x0800c4b4    0x9c  commandTable.o [1]
  .rodata             const    0x0800c550    0x94  commandTable.o [1]
  .rodata             const    0x0800c5e4    0x90  commandTable.o [1]
  .rodata             const    0x0800c674    0x84  commandTable.o [1]
  .rodata             const    0x0800c6f8    0x80  commandTable.o [1]
  .rodata             const    0x0800c778    0x7c  commandTable.o [1]
  .rodata             const    0x0800c7f4    0x78  commandTable.o [1]
  .rodata             const    0x0800c86c    0x78  commandTable.o [1]
  .rodata             const    0x0800c8e4    0x78  commandTable.o [1]
  .rodata             const    0x0800c95c    0x64  commandTable.o [1]
  .rodata             const    0x0800c9c0    0x5c  commandTable.o [1]
  .rodata             const    0x0800ca1c    0x54  commandTable.o [1]
  .rodata             const    0x0800ca70    0x50  commandTable.o [1]
  .rodata             const    0x0800cac0    0x4c  commandTable.o [1]
  .rodata             const    0x0800cb0c    0x48  commandTable.o [1]
  .rodata             const    0x0800cb54    0x48  commandTable.o [1]
  .rodata             const    0x0800cb9c    0x48  commandTable.o [1]
  .rodata             const    0x0800cbe4    0x48  commands.o [1]
  .rodata             const    0x0800cc2c    0x44  commandTable.o [1]
  .rodata             const    0x0800cc70    0x44  commandTable.o [1]
  .rodata             const    0x0800ccb4    0x44  commandTable.o [1]
  .rodata             const    0x0800ccf8    0x40  commandTable.o [1]
  .rodata             const    0x0800cd38    0x3c  commandTable.o [1]
  .rodata             const    0x0800cd74    0x38  commandTable.o [1]
  .rodata             const    0x0800cdac    0x34  commandTable.o [1]
  .rodata             const    0x0800cde0    0x34  commands.o [1]
  .rodata             const    0x0800ce14    0x30  commandTable.o [1]
  .rodata             const    0x0800ce44    0x30  commandTable.o [1]
  .rodata             const    0x0800ce74    0x30  commandTable.o [1]
  .rodata             const    0x0800cea4    0x30  commands.o [1]
  .rodata             const    0x0800ced4    0x30  commands.o [1]
  .rodata             const    0x0800cf04    0x30  commands.o [1]
  .rodata             const    0x0800cf34    0x2c  commands.o [1]
  .rodata             const    0x0800cf60    0x2c  commands.o [1]
  .rodata             const    0x0800cf8c    0x2c  commands.o [1]
  .rodata             const    0x0800cfb8    0x2c  commands.o [1]
  .rodata             const    0x0800cfe4    0x2c  commands.o [1]
  .rodata             const    0x0800d010    0x2c  main.o [1]
  .rodata             const    0x0800d03c    0x28  commands.o [1]
  .rodata             const    0x0800d064    0x28  commands.o [1]
  .rodata             const    0x0800d08c    0x28  commands.o [1]
  .rodata             const    0x0800d0b4    0x28  commands.o [1]
  .rodata             const    0x0800d0dc    0x28  commands.o [1]
  .rodata             const    0x0800d104    0x28  commands.o [1]
  .rodata             const    0x0800d12c    0x28  commands.o [1]
  .rodata             const    0x0800d154    0x28  commands.o [1]
  .text               ro code  0x0800d17c    0x28  data_init.o [5]
  .rodata             const    0x0800d1a4    0x24  commands.o [1]
  .rodata             const    0x0800d1c8    0x24  commands.o [1]
  .rodata             const    0x0800d1ec    0x24  commands.o [1]
  .rodata             const    0x0800d210    0x24  commands.o [1]
  .rodata             const    0x0800d234    0x24  commands.o [1]
  .rodata             const    0x0800d258    0x24  commands.o [1]
  .rodata             const    0x0800d27c    0x24  commands.o [1]
  .rodata             const    0x0800d2a0    0x24  commands.o [1]
  .rodata             const    0x0800d2c4    0x24  commands.o [1]
  .rodata             const    0x0800d2e8    0x24  commands.o [1]
  .rodata             const    0x0800d30c    0x24  commands.o [1]
  .rodata             const    0x0800d330    0x24  commands.o [1]
  .rodata             const    0x0800d354    0x24  commands.o [1]
  .rodata             const    0x0800d378    0x24  commands.o [1]
  .iar.init_table     const    0x0800d39c    0x2c  - Linker created -
  .rodata             const    0x0800d3c8    0x20  commandTable.o [1]
  .rodata             const    0x0800d3e8    0x20  commands.o [1]
  .rodata             const    0x0800d408    0x20  commands.o [1]
  .rodata             const    0x0800d428    0x20  commands.o [1]
  .rodata             const    0x0800d448    0x20  commands.o [1]
  .rodata             const    0x0800d468    0x20  commands.o [1]
  .rodata             const    0x0800d488    0x20  commands.o [1]
  .rodata             const    0x0800d4a8    0x20  commands.o [1]
  .rodata             const    0x0800d4c8    0x20  commands.o [1]
  .rodata             const    0x0800d4e8    0x20  commands.o [1]
  .rodata             const    0x0800d508    0x20  commands.o [1]
  .rodata             const    0x0800d528    0x20  commands.o [1]
  .rodata             const    0x0800d548    0x20  commands.o [1]
  .rodata             const    0x0800d568    0x20  commands.o [1]
  .rodata             const    0x0800d588    0x20  commands.o [1]
  .rodata             const    0x0800d5a8    0x1c  commandLine.o [1]
  .rodata             const    0x0800d5c4    0x1c  commands.o [1]
  .rodata             const    0x0800d5e0    0x1c  commands.o [1]
  .rodata             const    0x0800d5fc    0x1c  commands.o [1]
  .rodata             const    0x0800d618    0x1c  commands.o [1]
  .rodata             const    0x0800d634    0x1c  commands.o [1]
  .rodata             const    0x0800d650    0x1c  commands.o [1]
  .rodata             const    0x0800d66c    0x1c  commands.o [1]
  .rodata             const    0x0800d688    0x1c  commands.o [1]
  .rodata             const    0x0800d6a4    0x1c  commands.o [1]
  .rodata             const    0x0800d6c0    0x1c  commands.o [1]
  .rodata             const    0x0800d6dc    0x1c  commands.o [1]
  .rodata             const    0x0800d6f8    0x1c  commands.o [1]
  .rodata             const    0x0800d714    0x1c  commands.o [1]
  .rodata             const    0x0800d730    0x1c  commands.o [1]
  .rodata             const    0x0800d74c    0x18  commands.o [1]
  .rodata             const    0x0800d764    0x18  commands.o [1]
  .rodata             const    0x0800d77c    0x18  commands.o [1]
  .rodata             const    0x0800d794    0x18  commands.o [1]
  .rodata             const    0x0800d7ac    0x18  commands.o [1]
  .rodata             const    0x0800d7c4    0x18  commands.o [1]
  .rodata             const    0x0800d7dc    0x18  commands.o [1]
  .rodata             const    0x0800d7f4    0x18  commands.o [1]
  .rodata             const    0x0800d80c    0x18  commands.o [1]
  .rodata             const    0x0800d824    0x18  commands.o [1]
  .rodata             const    0x0800d83c    0x18  commands.o [1]
  .text               ro code  0x0800d854    0x16  cmain.o [5]
  .text               ro code  0x0800d86a     0x4  low_level_init.o [3]
  .text               ro code  0x0800d86e     0x4  exit.o [3]
  .text               ro code  0x0800d874     0xa  cexit.o [5]
  .rodata             const    0x0800d880    0x14  commandLine.o [1]
  .rodata             const    0x0800d894    0x14  commandTable.o [1]
  .rodata             const    0x0800d8a8    0x14  commands.o [1]
  .rodata             const    0x0800d8bc    0x14  commands.o [1]
  .rodata             const    0x0800d8d0    0x14  commands.o [1]
  .rodata             const    0x0800d8e4    0x14  commands.o [1]
  .rodata             const    0x0800d8f8    0x14  commands.o [1]
  .rodata             const    0x0800d90c    0x14  commands.o [1]
  .rodata             const    0x0800d920    0x14  commands.o [1]
  .rodata             const    0x0800d934    0x14  commands.o [1]
  .rodata             const    0x0800d948    0x14  commands.o [1]
  .rodata             const    0x0800d95c    0x14  commands.o [1]
  .rodata             const    0x0800d970    0x14  commands.o [1]
  .rodata             const    0x0800d984    0x14  commands.o [1]
  .rodata             const    0x0800d998    0x14  commands.o [1]
  .rodata             const    0x0800d9ac    0x14  commands.o [1]
  .rodata             const    0x0800d9c0    0x14  commands.o [1]
  .rodata             const    0x0800d9d4    0x14  commands.o [1]
  .rodata             const    0x0800d9e8    0x14  commands.o [1]
  .rodata             const    0x0800d9fc    0x14  commands.o [1]
  .rodata             const    0x0800da10    0x14  commands.o [1]
  .rodata             const    0x0800da24    0x10  commandTable.o [1]
  .rodata             const    0x0800da34    0x10  commandTable.o [1]
  .rodata             const    0x0800da44    0x10  commandTable.o [1]
  .rodata             const    0x0800da54    0x10  commandTable.o [1]
  .rodata             const    0x0800da64    0x10  commandTable.o [1]
  .rodata             const    0x0800da74    0x10  commands.o [1]
  .rodata             const    0x0800da84    0x10  commands.o [1]
  .rodata             const    0x0800da94    0x10  commands.o [1]
  .rodata             const    0x0800daa4    0x10  commands.o [1]
  .rodata             const    0x0800dab4    0x10  commands.o [1]
  .rodata             const    0x0800dac4    0x10  commands.o [1]
  .rodata             const    0x0800dad4    0x10  commands.o [1]
  .rodata             const    0x0800dae4    0x10  commands.o [1]
  .rodata             const    0x0800daf4    0x10  commands.o [1]
  .rodata             const    0x0800db04    0x10  commands.o [1]
  .rodata             const    0x0800db14    0x10  commands.o [1]
  .rodata             const    0x0800db24    0x10  commands.o [1]
  .rodata             const    0x0800db34    0x10  commands.o [1]
  .rodata             const    0x0800db44    0x10  commands.o [1]
  .rodata             const    0x0800db54    0x10  commands.o [1]
  .rodata             const    0x0800db64    0x10  iar_stm32f207zg_sk.o [1]
  .text               ro code  0x0800db74    0x10  startup_stm32f2xx.o [1]
  .rodata             const    0x0800db84     0xc  commandTable.o [1]
  .rodata             const    0x0800db90     0xc  commandTable.o [1]
  .rodata             const    0x0800db9c     0xc  commandTable.o [1]
  .rodata             const    0x0800dba8     0xc  commandTable.o [1]
  .rodata             const    0x0800dbb4     0xc  commandTable.o [1]
  .rodata             const    0x0800dbc0     0xc  commandTable.o [1]
  .rodata             const    0x0800dbcc     0xc  commandTable.o [1]
  .rodata             const    0x0800dbd8     0xc  commandTable.o [1]
  .rodata             const    0x0800dbe4     0xc  commandTable.o [1]
  .rodata             const    0x0800dbf0     0xc  commandTable.o [1]
  .rodata             const    0x0800dbfc     0xc  commandTable.o [1]
  .rodata             const    0x0800dc08     0xc  commandTable.o [1]
  .rodata             const    0x0800dc14     0xc  commandTable.o [1]
  .rodata             const    0x0800dc20     0xc  commandTable.o [1]
  .rodata             const    0x0800dc2c     0xc  commandTable.o [1]
  .rodata             const    0x0800dc38     0xc  commandTable.o [1]
  .rodata             const    0x0800dc44     0xc  commandTable.o [1]
  .rodata             const    0x0800dc50     0xc  commandTable.o [1]
  .rodata             const    0x0800dc5c     0xc  commandTable.o [1]
  .rodata             const    0x0800dc68     0xc  commandTable.o [1]
  .rodata             const    0x0800dc74     0xc  commands.o [1]
  .rodata             const    0x0800dc80     0xc  commands.o [1]
  .rodata             const    0x0800dc8c     0xc  commands.o [1]
  .rodata             const    0x0800dc98     0xc  commands.o [1]
  .rodata             const    0x0800dca4     0xc  commands.o [1]
  .rodata             const    0x0800dcb0     0xc  commands.o [1]
  .rodata             const    0x0800dcbc     0xc  commands.o [1]
  .rodata             const    0x0800dcc8     0xc  commands.o [1]
  .rodata             const    0x0800dcd4     0xc  commands.o [1]
  .rodata             const    0x0800dce0     0xc  commands.o [1]
  .rodata             const    0x0800dcec     0xc  commands.o [1]
  .rodata             const    0x0800dcf8     0xc  commands.o [1]
  .rodata             const    0x0800dd04     0xc  commands.o [1]
  .rodata             const    0x0800dd10     0xc  commands.o [1]
  .text               ro code  0x0800dd1c     0xc  cstartup_M.o [5]
  .rodata             const    0x0800dd28     0x8  commandLine.o [1]
  .rodata             const    0x0800dd30     0x8  commandTable.o [1]
  .rodata             const    0x0800dd38     0x8  commandTable.o [1]
  .rodata             const    0x0800dd40     0x8  commandTable.o [1]
  .rodata             const    0x0800dd48     0x8  commandTable.o [1]
  .rodata             const    0x0800dd50     0x8  commandTable.o [1]
  .rodata             const    0x0800dd58     0x8  commandTable.o [1]
  .rodata             const    0x0800dd60     0x8  commandTable.o [1]
  .rodata             const    0x0800dd68     0x8  commandTable.o [1]
  .rodata             const    0x0800dd70     0x8  commandTable.o [1]
  .rodata             const    0x0800dd78     0x8  commandTable.o [1]
  .rodata             const    0x0800dd80     0x8  commandTable.o [1]
  .rodata             const    0x0800dd88     0x8  commandTable.o [1]
  .rodata             const    0x0800dd90     0x8  commandTable.o [1]
  .rodata             const    0x0800dd98     0x8  commandTable.o [1]
  .rodata             const    0x0800dda0     0x8  commandTable.o [1]
  .rodata             const    0x0800dda8     0x8  commandTable.o [1]
  .rodata             const    0x0800ddb0     0x8  commandTable.o [1]
  .rodata             const    0x0800ddb8     0x8  commandTable.o [1]
  .rodata             const    0x0800ddc0     0x8  commandTable.o [1]
  .rodata             const    0x0800ddc8     0x8  commandTable.o [1]
  .rodata             const    0x0800ddd0     0x8  commandTable.o [1]
  .rodata             const    0x0800ddd8     0x8  commandTable.o [1]
  .rodata             const    0x0800dde0     0x8  commands.o [1]
  .rodata             const    0x0800dde8     0x8  commands.o [1]
  .rodata             const    0x0800ddf0     0x8  commands.o [1]
  .rodata             const    0x0800ddf8     0x8  commands.o [1]
  .rodata             const    0x0800de00     0x8  commands.o [1]
  .rodata             const    0x0800de08     0x8  commands.o [1]
  .rodata             const    0x0800de10     0x8  commands.o [1]
  .rodata             const    0x0800de18     0x8  commands.o [1]
  .rodata             const    0x0800de20     0x8  commands.o [1]
  .rodata             const    0x0800de28     0x8  commands.o [1]
  .rodata             const    0x0800de30     0x8  commands.o [1]
  .rodata             const    0x0800de38     0x8  commands.o [1]
  .rodata             const    0x0800de40     0x8  commands.o [1]
  .rodata             const    0x0800de48     0x8  commands.o [1]
  .rodata             const    0x0800de50     0x8  commands.o [1]
  .rodata             const    0x0800de58     0x8  commands.o [1]
  .rodata             const    0x0800de60     0x8  commands.o [1]
  .rodata             const    0x0800de68     0x8  commands.o [1]
  .rodata             const    0x0800de70     0x8  commands.o [1]
  .rodata             const    0x0800de78     0x8  commands.o [1]
  .rodata             const    0x0800de80     0x8  commands.o [1]
  .rodata             const    0x0800de88     0x8  commands.o [1]
  .rodata             const    0x0800de90     0x8  commands.o [1]
  .rodata             const    0x0800de98     0x8  commands.o [1]
  .rodata             const    0x0800dea0     0x8  commands.o [1]
  .rodata             const    0x0800dea8     0x8  commands.o [1]
  .rodata             const    0x0800deb0     0x8  iar_stm32f207zg_sk.o [1]
  .rodata             const    0x0800deb8     0x4  commandTable.o [1]
  .rodata             const    0x0800debc     0x4  commandTable.o [1]
  .rodata             const    0x0800dec0     0x4  commandTable.o [1]
  .rodata             const    0x0800dec4     0x4  commands.o [1]
  .rodata             const    0x0800dec8     0x4  commands.o [1]
  .rodata             const    0x0800decc     0x4  commands.o [1]
  .rodata             const    0x0800ded0     0x4  commands.o [1]
  .rodata             const    0x0800ded4     0x4  commands.o [1]
  .rodata             const    0x0800ded8     0x4  commands.o [1]
  .text               ro code  0x0800dedc     0x4  startup_stm32f2xx.o [1]
  .text               ro code  0x0800dee0     0x4  startup_stm32f2xx.o [1]
  .text               ro code  0x0800dee4     0x4  startup_stm32f2xx.o [1]
  .text               ro code  0x0800dee8     0x4  startup_stm32f2xx.o [1]
  .text               ro code  0x0800deec     0x4  startup_stm32f2xx.o [1]
  .text               ro code  0x0800def0     0x4  startup_stm32f2xx.o [1]
  .text               ro code  0x0800def4     0x4  startup_stm32f2xx.o [1]
  .text               ro code  0x0800def8     0x4  startup_stm32f2xx.o [1]
  .text               ro code  0x0800defc     0x4  startup_stm32f2xx.o [1]
  .text               ro code  0x0800df00     0x4  startup_stm32f2xx.o [1]
  .text               ro code  0x0800df04     0x4  startup_stm32f2xx.o [1]
  .text               ro code  0x0800df08     0x4  startup_stm32f2xx.o [1]
  .text               ro code  0x0800df0c     0x4  startup_stm32f2xx.o [1]
  .text               ro code  0x0800df10     0x4  startup_stm32f2xx.o [1]
  .text               ro code  0x0800df14     0x4  startup_stm32f2xx.o [1]
  .text               ro code  0x0800df18     0x4  startup_stm32f2xx.o [1]
  .text               ro code  0x0800df1c     0x4  startup_stm32f2xx.o [1]
  .text               ro code  0x0800df20     0x4  startup_stm32f2xx.o [1]
  .text               ro code  0x0800df24     0x4  startup_stm32f2xx.o [1]
  .text               ro code  0x0800df28     0x4  startup_stm32f2xx.o [1]
  .text               ro code  0x0800df2c     0x4  startup_stm32f2xx.o [1]
  .text               ro code  0x0800df30     0x4  startup_stm32f2xx.o [1]
  .text               ro code  0x0800df34     0x4  startup_stm32f2xx.o [1]
  .text               ro code  0x0800df38     0x4  startup_stm32f2xx.o [1]
  .text               ro code  0x0800df3c     0x4  startup_stm32f2xx.o [1]
  .text               ro code  0x0800df40     0x4  startup_stm32f2xx.o [1]
  .text               ro code  0x0800df44     0x4  startup_stm32f2xx.o [1]
  .text               ro code  0x0800df48     0x4  startup_stm32f2xx.o [1]
  .text               ro code  0x0800df4c     0x4  startup_stm32f2xx.o [1]
  .text               ro code  0x0800df50     0x4  startup_stm32f2xx.o [1]
  .text               ro code  0x0800df54     0x4  startup_stm32f2xx.o [1]
  .text               ro code  0x0800df58     0x4  startup_stm32f2xx.o [1]
  .text               ro code  0x0800df5c     0x4  startup_stm32f2xx.o [1]
  .text               ro code  0x0800df60     0x4  startup_stm32f2xx.o [1]
  .text               ro code  0x0800df64     0x4  startup_stm32f2xx.o [1]
  .text               ro code  0x0800df68     0x4  startup_stm32f2xx.o [1]
  .text               ro code  0x0800df6c     0x4  startup_stm32f2xx.o [1]
  .text               ro code  0x0800df70     0x4  startup_stm32f2xx.o [1]
  .text               ro code  0x0800df74     0x4  startup_stm32f2xx.o [1]
  .text               ro code  0x0800df78     0x4  startup_stm32f2xx.o [1]
  .text               ro code  0x0800df7c     0x4  startup_stm32f2xx.o [1]
  .text               ro code  0x0800df80     0x4  startup_stm32f2xx.o [1]
  .text               ro code  0x0800df84     0x4  startup_stm32f2xx.o [1]
  .text               ro code  0x0800df88     0x4  startup_stm32f2xx.o [1]
  .text               ro code  0x0800df8c     0x4  startup_stm32f2xx.o [1]
  .text               ro code  0x0800df90     0x4  startup_stm32f2xx.o [1]
  .text               ro code  0x0800df94     0x4  startup_stm32f2xx.o [1]
  .text               ro code  0x0800df98     0x4  startup_stm32f2xx.o [1]
  .text               ro code  0x0800df9c     0x4  startup_stm32f2xx.o [1]
  .text               ro code  0x0800dfa0     0x4  startup_stm32f2xx.o [1]
  .text               ro code  0x0800dfa4     0x4  startup_stm32f2xx.o [1]
  .text               ro code  0x0800dfa8     0x4  startup_stm32f2xx.o [1]
  .text               ro code  0x0800dfac     0x4  startup_stm32f2xx.o [1]
  .text               ro code  0x0800dfb0     0x4  startup_stm32f2xx.o [1]
  .text               ro code  0x0800dfb4     0x4  startup_stm32f2xx.o [1]
  .text               ro code  0x0800dfb8     0x4  startup_stm32f2xx.o [1]
  .text               ro code  0x0800dfbc     0x4  startup_stm32f2xx.o [1]
  .text               ro code  0x0800dfc0     0x4  startup_stm32f2xx.o [1]
  .text               ro code  0x0800dfc4     0x4  startup_stm32f2xx.o [1]
  .text               ro code  0x0800dfc8     0x4  startup_stm32f2xx.o [1]
  .text               ro code  0x0800dfcc     0x4  startup_stm32f2xx.o [1]
  .text               ro code  0x0800dfd0     0x4  startup_stm32f2xx.o [1]
  .text               ro code  0x0800dfd4     0x4  startup_stm32f2xx.o [1]
  .text               ro code  0x0800dfd8     0x4  startup_stm32f2xx.o [1]
  .text               ro code  0x0800dfdc     0x4  startup_stm32f2xx.o [1]
  .text               ro code  0x0800dfe0     0x4  startup_stm32f2xx.o [1]
  .text               ro code  0x0800dfe4     0x4  startup_stm32f2xx.o [1]
  .text               ro code  0x0800dfe8     0x4  startup_stm32f2xx.o [1]
  .text               ro code  0x0800dfec     0x4  startup_stm32f2xx.o [1]
  .text               ro code  0x0800dff0     0x4  startup_stm32f2xx.o [1]
  .text               ro code  0x0800dff4     0x4  startup_stm32f2xx.o [1]
  .text               ro code  0x0800dff8     0x4  startup_stm32f2xx.o [1]
  .text               ro code  0x0800dffc     0x4  startup_stm32f2xx.o [1]
  .text               ro code  0x0800e000     0x4  startup_stm32f2xx.o [1]
  .text               ro code  0x0800e004     0x4  startup_stm32f2xx.o [1]
  .text               ro code  0x0800e008     0x4  startup_stm32f2xx.o [1]
  .text               ro code  0x0800e00c     0x4  startup_stm32f2xx.o [1]
  .text               ro code  0x0800e010     0x4  startup_stm32f2xx.o [1]
  .text               ro code  0x0800e014     0x4  startup_stm32f2xx.o [1]
  .text               ro code  0x0800e018     0x4  startup_stm32f2xx.o [1]
  .text               ro code  0x0800e01c     0x4  startup_stm32f2xx.o [1]
  .text               ro code  0x0800e020     0x4  startup_stm32f2xx.o [1]
  .text               ro code  0x0800e024     0x4  startup_stm32f2xx.o [1]
  .text               ro code  0x0800e028     0x4  startup_stm32f2xx.o [1]
  .rodata             const    0x0800e02c     0x0  zero_init3.o [5]
  .rodata             const    0x0800e02c     0x0  packbits_init.o [5]
  Initializer bytes   ro data  0x0800e02c    0x62  <for P3 s0>
                             - 0x0800e08e  0xdefe

"P3", part 1 of 3:                          0x15c
  P3 s0                        0x20000000   0x15c  <Init block>
    __DLIB_PERTHREAD  inited   0x20000000    0x88  localeconv.o [3]
    __DLIB_PERTHREAD  inited   0x20000088    0x74  setlocale.o [3]
    .data             inited   0x200000fc    0x10  iar_stm32f207zg_sk.o [1]
    .data             inited   0x2000010c    0x10  stm32f2xx_rcc.o [1]
    .data             inited   0x2000011c    0x10  system_stm32f2xx.o [1]
    .data             inited   0x2000012c     0x4  commands.o [1]
    .data             inited   0x20000130     0x4  commands.o [1]
    .data             inited   0x20000134     0x4  commands.o [1]
    .data             inited   0x20000138     0x4  commands.o [1]
    .data             inited   0x2000013c     0x4  commands.o [1]
    .data             inited   0x20000140     0x4  commands.o [1]
    .data             inited   0x20000144     0x4  commands.o [1]
    .data             inited   0x20000148     0x4  system_stm32f2xx.o [1]
    .data             inited   0x2000014c     0x4  timer.o [1]
    __DLIB_PERTHREAD  inited   0x20000150     0x4  errno.o [3]
    .data             inited   0x20000154     0x2  SyncTimer.o [1]
    .data             inited   0x20000156     0x2  spi.o [1]
    .data             inited   0x20000158     0x1  commands.o [1]
    .data             inited   0x20000159     0x1  commands.o [1]
    .data             inited   0x2000015a     0x1  commands.o [1]
    .data             inited   0x2000015b     0x1  main.o [1]
                             - 0x2000015c   0x15c

"P3", part 2 of 3:                          0xbdc
  .bss                zero     0x2000015c   0x200  debug_usart.o [1]
  .bss                zero     0x2000035c   0x12c  salvomem.o [6]
  .bss                zero     0x20000488   0x100  commands.o [1]
  .bss                zero     0x20000588   0x100  commands.o [1]
  .bss                zero     0x20000688    0xf0  salvomem.o [6]
  .bss                zero     0x20000778    0xc8  commands.o [1]
  .bss                zero     0x20000840    0x84  commands.o [1]
  .bss                zero     0x200008c4    0x84  commands.o [1]
  .bss                zero     0x20000948    0x84  commands.o [1]
  .bss                zero     0x200009cc    0x84  commands.o [1]
  .bss                zero     0x20000a50    0x84  commands.o [1]
  .bss                zero     0x20000ad4    0x84  commands.o [1]
  .bss                zero     0x20000b58    0x80  commands.o [1]
  .bss                zero     0x20000bd8    0x80  debug_usart.o [1]
  .bss                zero     0x20000c58    0x50  commandLine.o [1]
  .bss                zero     0x20000ca8    0x10  debug_usart.o [1]
  .bss                zero     0x20000cb8    0x10  debug_usart.o [1]
  .bss                zero     0x20000cc8     0x8  commands.o [1]
  .bss                zero     0x20000cd0     0x4  SyncTimer.o [1]
  .bss                zero     0x20000cd4     0x4  SyncTimer.o [1]
  .bss                zero     0x20000cd8     0x4  SyncTimer.o [1]
  .bss                zero     0x20000cdc     0x4  commandLine.o [1]
  .bss                zero     0x20000ce0     0x4  commandLine.o [1]
  .bss                zero     0x20000ce4     0x4  commands.o [1]
  .bss                zero     0x20000ce8     0x4  commands.o [1]
  .bss                zero     0x20000cec     0x4  commands.o [1]
  .bss                zero     0x20000cf0     0x4  commands.o [1]
  .bss                zero     0x20000cf4     0x4  salvohook_interrupt.o [1]
  .bss                zero     0x20000cf8     0x4  spi.o [1]
  .bss                zero     0x20000cfc     0x4  timer.o [1]
  .bss                zero     0x20000d00     0x4  salvomem.o [6]
  .bss                zero     0x20000d04     0x4  salvomem.o [6]
  .bss                zero     0x20000d08     0x4  salvomem.o [6]
  .bss                zero     0x20000d0c     0x4  salvomem.o [6]
  .bss                zero     0x20000d10     0x4  salvomem.o [6]
  .bss                zero     0x20000d14     0x4  salvomem.o [6]
  .bss                zero     0x20000d18     0x4  salvomem.o [6]
  .bss                zero     0x20000d1c     0x2  SyncTimer.o [1]
  .bss                zero     0x20000d1e     0x2  commandLine.o [1]
  .bss                zero     0x20000d20     0x2  commands.o [1]
  .bss                zero     0x20000d22     0x2  commands.o [1]
  .bss                zero     0x20000d24     0x1  SyncTimer.o [1]
  .bss                zero     0x20000d25     0x1  SyncTimer.o [1]
  .bss                zero     0x20000d26     0x1  SyncTimer.o [1]
  .bss                zero     0x20000d27     0x1  SyncTimer.o [1]
  .bss                zero     0x20000d28     0x1  SyncTimer.o [1]
  .bss                zero     0x20000d29     0x1  commands.o [1]
  .bss                zero     0x20000d2a     0x1  commands.o [1]
  .bss                zero     0x20000d2b     0x1  commands.o [1]
  .bss                zero     0x20000d2c     0x1  commands.o [1]
  .bss                zero     0x20000d2d     0x1  commands.o [1]
  .bss                zero     0x20000d2e     0x1  commands.o [1]
  .bss                zero     0x20000d2f     0x1  main.o [1]
  .bss                zero     0x20000d30     0x1  salvomem.o [6]
                             - 0x20000d31   0xbd5

"P3", part 3 of 3:                          0x800
  CSTACK                       0x20000d38   0x800  <Block>
    CSTACK            uninit   0x20000d38   0x800  <Block tail>
                             - 0x20001538   0x800


*******************************************************************************
*** INIT TABLE
***

          Address     Size
          -------     ----
Zero (__iar_zero_init3)
    1 destination range, total size 0xbd5:
          0x2000015c  0xbd5

Copy/packbits (__iar_packbits_init3)
    1 source range, total size 0x62 (28% of destination):
          0x0800e02c   0x62
    1 destination range, total size 0x15c:
          0x20000000  0x15c



*******************************************************************************
*** MODULE SUMMARY
***

    Module                   ro code  ro data  rw data
    ------                   -------  -------  -------
E:\SPIMaster\SPIMaster_BadDataTest5_spi_rate_and_timerPWM\Trunk\iar\Debug\Obj: [1]
    ConfigureGPIOPins.o          312
    SyncTimer.o                  456        1       21
    UserCommunication_SPI.o      132
    bsp.o                        218
    circbuf.o                    154
    commandLine.o                456       56       90
    commandTable.o                      9 483
    commands.o                22 084    3 445    1 697
    debug.o                      400
    debug_usart.o                612               672
    iar_stm32f207zg_sk.o         152       29       16
    main.o                       344       45        2
    misc.o                       124
    salvohook_idle.o               2
    salvohook_interrupt.o         44                 4
    salvohook_wdt.o                2
    spi.o                      2 096                 6
    startup_stm32f2xx.o          752
    stm32f2xx_exti.o             180
    stm32f2xx_flash.o            140
    stm32f2xx_gpio.o             292
    stm32f2xx_rcc.o              872        4       16
    stm32f2xx_spi.o              254
    stm32f2xx_syscfg.o            84
    stm32f2xx_tim.o              440
    stm32f2xx_usart.o            412
    system_stm32f2xx.o           600        6       20
    timer.o                      224        1        8
    utilities.o                  238
    --------------------------------------------------
    Total:                    32 076   13 070    2 552

command line: [2]
    --------------------------------------------------
    Total:

dl7M_tlf.a: [3]
    abort.o                        6
    abs.o                          8
    atoi.o                         8
    errno.o                       12        1        4
    exit.o                         4
    isxxx.o                       40
    localeconv.o                 108       38      136
    low_level_init.o               4
    setlocale.o                   24       32      116
    sprintf.o                     52
    tolower.o                     20
    xlocale_c.o                   54
    xprintftiny.o                350
    xsprout.o                     10
    xstoflt.o                    444
    xstopfx.o                    308
    xstoul.o                     364
    xstoxflt.o                   520
    xtls.o                         2
    --------------------------------------------------
    Total:                     2 338       71      256

m7M_tl.a: [4]
    DblAdd.o                     232
    DblCmpEq.o                    32
    DblCmpGe.o                    46
    DblCmpLe.o                    46
    DblDiv.o                     582
    DblMul.o                     418
    DblSub.o                     384
    DblToFlt.o                   144
    DblToI32.o                    76
    FltAdd.o                     116
    FltCmpGe.o                    36
    FltCmpLe.o                    36
    FltMul.o                     216
    FltSub.o                     230
    FltToDbl.o                    78
    FltToS32.o                    68
    I32ToDbl.o                    44
    I32ToFlt.o                    50
    atof.o                         8
    pow.o                      2 144
    xdint.o                      126
    xdnorm.o                      66
    xdscale.o                    268
    xdtento.o                    456
    xdtest.o                      50
    xdunscal.o                    86
    xexp.o                       676
    xlog.o                       168
    xstod.o                      320
    --------------------------------------------------
    Total:                     7 202

rt7M_tl.a: [5]
    ABImemclr4.o                   6
    ABImemcpy.o                  118
    ABImemset.o                  102
    ABImemset48.o                 50
    cexit.o                       10
    cmain.o                       22
    cstartup_M.o                  12
    data_init.o                   40
    memchr.o                      88
    packbits_init.o              176
    strcmp.o                      66
    strlen.o                      54
    zero_init3.o                  34
    --------------------------------------------------
    Total:                       778

salvo.a: [6]
    salvobinsem.o                208
    salvodelay.o                 132
    salvoevent.o                 300
    salvoinit.o                   72
    salvoinit2.o                 122
    salvomem.o                                     569
    salvoportiararm.o            108
    salvoqdel.o                  160
    salvoqins.o                  172
    salvosched.o                 536
    salvotimer.o                  44
    --------------------------------------------------
    Total:                     1 854               569

shb_l.a: [7]
    exit.o                        20
    --------------------------------------------------
    Total:                        20

    Gaps                          27        6
    Linker created                         44    2 048
------------------------------------------------------
    Grand Total:              44 295   13 191    5 425


*******************************************************************************
*** ENTRY LIST
***

Entry                      Address   Size  Type      Object
-----                      -------   ----  ----      ------
?main                   0x0800d855         Code  Gb  cmain.o [5]
ADC_IRQHandler          0x0800df41         Code  Wk  startup_stm32f2xx.o [1]
AHBPrescTable           0x2000011c   0x10  Data  Gb  system_stm32f2xx.o [1]
APBAHBPrescTable        0x2000010c   0x10  Data  Lc  stm32f2xx_rcc.o [1]
BSP_init                0x08007291   0x28  Code  Gb  bsp.o [1]
BurstReadFromRegisters  0x08006565   0xc4  Code  Gb  spi.o [1]
BusFault_Handler        0x0800dee9         Code  Wk  startup_stm32f2xx.o [1]
CAN1_RX0_IRQHandler     0x0800df49         Code  Wk  startup_stm32f2xx.o [1]
CAN1_RX1_IRQHandler     0x0800df4d         Code  Wk  startup_stm32f2xx.o [1]
CAN1_SCE_IRQHandler     0x0800df51         Code  Wk  startup_stm32f2xx.o [1]
CAN1_TX_IRQHandler      0x0800df45         Code  Wk  startup_stm32f2xx.o [1]
CAN2_RX0_IRQHandler     0x0800dfe9         Code  Wk  startup_stm32f2xx.o [1]
CAN2_RX1_IRQHandler     0x0800dfed         Code  Wk  startup_stm32f2xx.o [1]
CAN2_SCE_IRQHandler     0x0800dff1         Code  Wk  startup_stm32f2xx.o [1]
CAN2_TX_IRQHandler      0x0800dfe5         Code  Wk  startup_stm32f2xx.o [1]
CRYP_IRQHandler         0x0800e025         Code  Wk  startup_stm32f2xx.o [1]
CSTACK$$Base            0x20000d38          --   Gb  - Linker created -
CSTACK$$Limit           0x20001538          --   Gb  - Linker created -
CircBufEmpty            0x0800922f   0x12  Code  Gb  circbuf.o [1]
CircBufGet              0x080091f9   0x36  Code  Gb  circbuf.o [1]
CircBufInit             0x080091a7   0x22  Code  Gb  circbuf.o [1]
CircBufPut              0x080091c9   0x30  Code  Gb  circbuf.o [1]
CmdBlinkLED             0x08001fa9   0x7e  Code  Gb  commands.o [1]
CmdGpioPin              0x080002dd   0xb8  Code  Gb  commands.o [1]
CmdInitSPIPeripheral    0x08002027    0xa  Code  Gb  commands.o [1]
CmdLineGetArgFloat      0x0800605f   0x2c  Code  Gb  commandLine.o [1]
CmdLineGetArgInt        0x0800600f   0x28  Code  Gb  commandLine.o [1]
CmdLineGetArgString     0x08005fed   0x22  Code  Gb  commandLine.o [1]
CmdLineGetArgUInt       0x08006037   0x28  Code  Gb  commandLine.o [1]
CmdLineLookup           0x08005f9b   0x38  Code  Gb  commandLine.o [1]
CmdPrintPrompt          0x08005f75   0x1e  Code  Lc  commandLine.o [1]
CmdSpeed                0x080052e5   0xd6  Code  Gb  commands.o [1]
CmdUserSpiTestSequence01
                        0x08001eb5   0xe2  Code  Gb  commands.o [1]
CmdUserSpi_ATP_Process  0x0800039d  0x284  Code  Gb  commands.o [1]
CmdUserSpi_BootLoad     0x0800565f   0x66  Code  Gb  commands.o [1]
CmdUserSpi_BootReset    0x08005655    0xa  Code  Gb  commands.o [1]
CmdUserSpi_BootStatus   0x08005635   0x1c  Code  Gb  commands.o [1]
CmdUserSpi_BurstForLowGainAHRS
                        0x080023c1  0x118  Code  Gb  commands.o [1]
CmdUserSpi_BurstRead    0x08000ecd   0x70  Code  Gb  commands.o [1]
CmdUserSpi_BurstRead2   0x08000f49   0x68  Code  Gb  commands.o [1]
CmdUserSpi_BurstRead_A1
                        0x08002519  0x452  Code  Gb  commands.o [1]
CmdUserSpi_BurstRead_F2
                        0x08002199  0x202  Code  Gb  commands.o [1]
CmdUserSpi_BurstRead_S0
                        0x08000fd1   0x66  Code  Gb  commands.o [1]
CmdUserSpi_BurstRead_S1
                        0x0800104d   0x66  Code  Gb  commands.o [1]
CmdUserSpi_BurstRegs    0x08000df5   0xc6  Code  Gb  commands.o [1]
CmdUserSpi_CyclePower   0x0800514d  0x150  Code  Gb  commands.o [1]
CmdUserSpi_CycleTest    0x08005041   0xe0  Code  Gb  commands.o [1]
CmdUserSpi_DisplayConverted
                        0x08004489   0x18  Code  Gb  commands.o [1]
CmdUserSpi_DisplayHex   0x080044ad   0x18  Code  Gb  commands.o [1]
CmdUserSpi_DontWaitForDRDY
                        0x08005407    0x8  Code  Gb  commands.o [1]
CmdUserSpi_FreqRatio    0x08004541   0x34  Code  Gb  commands.o [1]
CmdUserSpi_GetAccels    0x080013dd  0x134  Code  Gb  commands.o [1]
CmdUserSpi_GetBoardTemp
                        0x08001295  0x106  Code  Gb  commands.o [1]
CmdUserSpi_GetRates     0x08001531  0x1aa  Code  Gb  commands.o [1]
CmdUserSpi_GetSensorValues
                        0x08001709  0x1aa  Code  Gb  commands.o [1]
CmdUserSpi_HoldChipSelect
                        0x080044cd   0x16  Code  Gb  commands.o [1]
CmdUserSpi_IndraTesting
                        0x08002d35  0x93e  Code  Gb  commands.o [1]
CmdUserSpi_MagAlign     0x08002a21  0x2a2  Code  Gb  commands.o [1]
CmdUserSpi_ReadRegister
                        0x08001911  0x24e  Code  Gb  commands.o [1]
CmdUserSpi_ReadRegisterHex
                        0x08001b7d  0x1c2  Code  Gb  commands.o [1]
CmdUserSpi_ReadRegisterHex2
                        0x08002051  0x142  Code  Gb  commands.o [1]
CmdUserSpi_SelfTest     0x08000c35  0x1b2  Code  Gb  commands.o [1]
CmdUserSpi_SpeedTest    0x080018c5   0x20  Code  Gb  commands.o [1]
CmdUserSpi_SyncOff      0x08004521   0x16  Code  Gb  commands.o [1]
CmdUserSpi_SyncOn       0x08004503   0x16  Code  Gb  commands.o [1]
CmdUserSpi_ToggleChipSelect
                        0x080044ed   0x16  Code  Gb  commands.o [1]
CmdUserSpi_WaitForDRDY  0x080053ff    0x8  Code  Gb  commands.o [1]
CmdUserSpi_WhoAmI       0x08001d95  0x11c  Code  Gb  commands.o [1]
CmdUserSpi_WriteRegister
                        0x08001d49   0x48  Code  Gb  commands.o [1]
CmdUserSpi_burstReadSwitch
                        0x080029a5   0x4e  Code  Gb  commands.o [1]
CmdUserSpi_jdInitProcess
                        0x08000621  0x60a  Code  Gb  commands.o [1]
CmdUserUsart            0x0800029d   0x40  Code  Gb  commands.o [1]
CmdVersion              0x08000191   0x32  Code  Gb  commands.o [1]
DCMI_IRQHandler         0x0800e021         Code  Wk  startup_stm32f2xx.o [1]
DMA1_Stream0_IRQHandler
                        0x0800df25         Code  Wk  startup_stm32f2xx.o [1]
DMA1_Stream1_IRQHandler
                        0x0800df29         Code  Wk  startup_stm32f2xx.o [1]
DMA1_Stream2_IRQHandler
                        0x0800df2d         Code  Wk  startup_stm32f2xx.o [1]
DMA1_Stream3_IRQHandler
                        0x0800df31         Code  Wk  startup_stm32f2xx.o [1]
DMA1_Stream4_IRQHandler
                        0x0800df35         Code  Wk  startup_stm32f2xx.o [1]
DMA1_Stream5_IRQHandler
                        0x0800df39         Code  Wk  startup_stm32f2xx.o [1]
DMA1_Stream6_IRQHandler
                        0x0800df3d         Code  Wk  startup_stm32f2xx.o [1]
DMA1_Stream7_IRQHandler
                        0x0800dfad         Code  Wk  startup_stm32f2xx.o [1]
DMA2_Stream0_IRQHandler
                        0x0800dfc9         Code  Wk  startup_stm32f2xx.o [1]
DMA2_Stream1_IRQHandler
                        0x0800dfcd         Code  Wk  startup_stm32f2xx.o [1]
DMA2_Stream2_IRQHandler
                        0x0800dfd1         Code  Wk  startup_stm32f2xx.o [1]
DMA2_Stream3_IRQHandler
                        0x0800dfd5         Code  Wk  startup_stm32f2xx.o [1]
DMA2_Stream4_IRQHandler
                        0x0800dfd9         Code  Wk  startup_stm32f2xx.o [1]
DMA2_Stream5_IRQHandler
                        0x0800dff9         Code  Wk  startup_stm32f2xx.o [1]
DMA2_Stream6_IRQHandler
                        0x0800dffd         Code  Wk  startup_stm32f2xx.o [1]
DMA2_Stream7_IRQHandler
                        0x0800e001         Code  Wk  startup_stm32f2xx.o [1]
DataReadyContinueFlag   0x20000d2d    0x1  Data  Lc  commands.o [1]
DebugFlag               0x2000015a    0x1  Data  Lc  commands.o [1]
DebugMon_Handler        0x0800def5         Code  Wk  startup_stm32f2xx.o [1]
DebugPrintEndline       0x08005897    0xa  Code  Gb  debug.o [1]
DebugPrintFloat         0x08005805   0x92  Code  Gb  debug.o [1]
DebugPrintHex           0x080057e7   0x1e  Code  Gb  debug.o [1]
DebugPrintInt           0x080057c9   0x1e  Code  Gb  debug.o [1]
DebugPrintString        0x080057a9   0x20  Code  Gb  debug.o [1]
DebugSerialPutChar      0x08007fbb   0x26  Code  Gb  debug_usart.o [1]
DebugSerialReadLine     0x08007ee9   0xc8  Code  Gb  debug_usart.o [1]
DelayMs                 0x080069eb   0x10  Code  Gb  timer.o [1]
DelayTime               0x20000130    0x4  Data  Lc  commands.o [1]
ETH_IRQHandler          0x0800dfdd         Code  Wk  startup_stm32f2xx.o [1]
ETH_WKUP_IRQHandler     0x0800dfe1         Code  Wk  startup_stm32f2xx.o [1]
EXTI0_IRQHandler        0x0800df15         Code  Wk  startup_stm32f2xx.o [1]
EXTI15_10_IRQHandler    0x08000283   0x1a  Code  Gb  commands.o [1]
EXTI1_IRQHandler        0x0800df19         Code  Wk  startup_stm32f2xx.o [1]
EXTI2_IRQHandler        0x0800df1d         Code  Wk  startup_stm32f2xx.o [1]
EXTI3_IRQHandler        0x08000269   0x1a  Code  Gb  commands.o [1]
EXTI4_IRQHandler        0x0800df21         Code  Wk  startup_stm32f2xx.o [1]
EXTI9_5_IRQHandler      0x0800df55         Code  Wk  startup_stm32f2xx.o [1]
EXTI_ClearITPendingBit  0x08005e5f    0x6  Code  Gb  stm32f2xx_exti.o [1]
EXTI_Init               0x08005dc5   0x88  Code  Gb  stm32f2xx_exti.o [1]
EXTI_StructInit         0x08005e4d   0x12  Code  Gb  stm32f2xx_exti.o [1]
ElapsedTime_sec         0x20000cd0    0x4  Data  Gb  SyncTimer.o [1]
ElapsedTime_usec        0x20000cd4    0x4  Data  Gb  SyncTimer.o [1]
FLASH_DataCacheCmd      0x08008759   0x2a  Code  Gb  stm32f2xx_flash.o [1]
FLASH_IRQHandler        0x0800df0d         Code  Wk  startup_stm32f2xx.o [1]
FLASH_InstructionCacheCmd
                        0x0800872f   0x2a  Code  Gb  stm32f2xx_flash.o [1]
FLASH_PrefetchBufferCmd
                        0x08008705   0x2a  Code  Gb  stm32f2xx_flash.o [1]
FLASH_SetLatency        0x080086fd    0x8  Code  Gb  stm32f2xx_flash.o [1]
FSMC_IRQHandler         0x0800dfb1         Code  Wk  startup_stm32f2xx.o [1]
GPIO_CLK                0x0800db64   0x10  Data  Gb  iar_stm32f207zg_sk.o [1]
GPIO_Init               0x08005ca1   0xaa  Code  Gb  stm32f2xx_gpio.o [1]
GPIO_PIN                0x0800deb0    0x8  Data  Gb  iar_stm32f207zg_sk.o [1]
GPIO_PORT               0x200000fc   0x10  Data  Gb  iar_stm32f207zg_sk.o [1]
GPIO_PinAFConfig        0x08005d6b   0x5a  Code  Gb  stm32f2xx_gpio.o [1]
GPIO_ResetBits          0x08005d67    0x4  Code  Gb  stm32f2xx_gpio.o [1]
GPIO_SetBits            0x08005d63    0x4  Code  Gb  stm32f2xx_gpio.o [1]
GPIO_StructInit         0x08005d4b   0x18  Code  Gb  stm32f2xx_gpio.o [1]
GPIO_config             0x080072b9    0xa  Code  Gb  bsp.o [1]
GetSysTime              0x08006a25    0x6  Code  Gb  timer.o [1]
HASH_RNG_IRQHandler     0x0800e029         Code  Wk  startup_stm32f2xx.o [1]
HardFault_Handler       0x0800dee1         Code  Wk  startup_stm32f2xx.o [1]
I2C1_ER_IRQHandler      0x0800df79         Code  Wk  startup_stm32f2xx.o [1]
I2C1_EV_IRQHandler      0x0800df75         Code  Wk  startup_stm32f2xx.o [1]
I2C2_ER_IRQHandler      0x0800df81         Code  Wk  startup_stm32f2xx.o [1]
I2C2_EV_IRQHandler      0x0800df7d         Code  Wk  startup_stm32f2xx.o [1]
I2C3_ER_IRQHandler      0x0800e00d         Code  Wk  startup_stm32f2xx.o [1]
I2C3_EV_IRQHandler      0x0800e009         Code  Wk  startup_stm32f2xx.o [1]
InStream_Read           0x0800bf71   0x22  Code  Lc  packbits_init.o [5]
InitCommandLine         0x08005f93    0x8  Code  Gb  commandLine.o [1]
InitCommunication_UserSPI
                        0x0800734f   0x66  Code  Gb  UserCommunication_SPI.o [1]
InitDebugSerialCommunication
                        0x08007fe1   0xe6  Code  Gb  debug_usart.o [1]
InitGPIOPin_DataReady   0x0800b1d1   0x38  Code  Gb  ConfigureGPIOPins.o [1]
InitGPIOPin_Ex          0x0800b241   0x62  Code  Gb  ConfigureGPIOPins.o [1]
InitGPIOPin_SharedCommunication
                        0x0800b2a3   0x4e  Code  Gb  ConfigureGPIOPins.o [1]
InitGPIOPin_Sync        0x0800b209   0x38  Code  Gb  ConfigureGPIOPins.o [1]
InitSystemTimer         0x08006a11   0x14  Code  Gb  timer.o [1]
InitTimer_TIM5          0x08007ce5   0xa2  Code  Gb  SyncTimer.o [1]
IsDebugSerialIdle       0x08007fb1    0xa  Code  Gb  debug_usart.o [1]
MemManage_Handler       0x0800dee5         Code  Wk  startup_stm32f2xx.o [1]
NMI_Handler             0x0800dedd         Code  Wk  startup_stm32f2xx.o [1]
NVIC_Init               0x08005ecd   0x6a  Code  Gb  misc.o [1]
NVIC_SetPriority        0x0800696d   0x22  Code  Lc  timer.o [1]
ODR_Hz                  0x20000134    0x4  Data  Lc  commands.o [1]
OSClrWDTHook            0x0800aa29    0x2  Code  Gb  salvohook_wdt.o [1]
OSCreateBinSem          0x080093dd   0x20  Code  Gb  salvobinsem.o [6]
OSCreateTask            0x0800b351   0x54  Code  Gb  salvoinit2.o [6]
OSCtxSw                 0x0800aa59         Code  Gb  salvoportiararm.o [6]
OSDelDelayQ             0x0800a28b   0x50  Code  Gb  salvoqdel.o [6]
OSDelPrioQ              0x0800a241   0x4a  Code  Gb  salvoqdel.o [6]
OSDelay                 0x0800b3cd   0x84  Code  Gb  salvodelay.o [6]
OSDisableHook           0x08005f49    0xe  Code  Gb  salvohook_interrupt.o [1]
OSDispatch              0x0800aa2d         Code  Gb  salvoportiararm.o [6]
OSEnableHook            0x08005f59   0x16  Code  Gb  salvohook_interrupt.o [1]
OSIdlingHook            0x0800aa99    0x2  Code  Gb  salvohook_idle.o [1]
OSInit                  0x0800b309   0x48  Code  Gb  salvoinit.o [6]
OSInitPrioTask          0x0800b3ad   0x1e  Code  Gb  salvoinit2.o [6]
OSInsDelayQ             0x0800a325   0x62  Code  Gb  salvoqins.o [6]
OSInsPrioQ              0x0800a2e1   0x44  Code  Gb  salvoqins.o [6]
OSReturn                0x0800aa8b         Code  Gb  salvoportiararm.o [6]
OSSched                 0x0800a811  0x218  Code  Gb  salvosched.o [6]
OSSignalBinSem          0x08009435   0x6e  Code  Gb  salvobinsem.o [6]
OSTimer                 0x0800841d   0x2c  Code  Gb  salvotimer.o [6]
OSWaitBinSem            0x080093fd   0x38  Code  Gb  salvobinsem.o [6]
OSWaitEvent             0x08009945  0x12c  Code  Gb  salvoevent.o [6]
OScTcbP                 0x20000d00    0x4  Data  Gb  salvomem.o [6]
OSdelayQP               0x20000d10    0x4  Data  Gb  salvomem.o [6]
OSecbArea               0x2000035c  0x12c  Data  Gb  salvomem.o [6]
OSeligQP                0x20000d04    0x4  Data  Gb  salvomem.o [6]
OSframeP                0x20000d18    0x4  Data  Gb  salvomem.o [6]
OSlostTicks             0x20000d30    0x1  Data  Gb  salvomem.o [6]
OSsigQinP               0x20000d08    0x4  Data  Gb  salvomem.o [6]
OSsigQoutP              0x20000d0c    0x4  Data  Gb  salvomem.o [6]
OStcbArea               0x20000688   0xf0  Data  Gb  salvomem.o [6]
OStimerTicks            0x20000d14    0x4  Data  Gb  salvomem.o [6]
OTG_FS_IRQHandler       0x0800dff5         Code  Wk  startup_stm32f2xx.o [1]
OTG_FS_WKUP_IRQHandler  0x0800df99         Code  Wk  startup_stm32f2xx.o [1]
OTG_HS_EP1_IN_IRQHandler
                        0x0800e015         Code  Wk  startup_stm32f2xx.o [1]
OTG_HS_EP1_OUT_IRQHandler
                        0x0800e011         Code  Wk  startup_stm32f2xx.o [1]
OTG_HS_IRQHandler       0x0800e01d         Code  Wk  startup_stm32f2xx.o [1]
OTG_HS_WKUP_IRQHandler  0x0800e019         Code  Wk  startup_stm32f2xx.o [1]
PVD_IRQHandler          0x0800df01         Code  Wk  startup_stm32f2xx.o [1]
PendSV_Handler          0x0800def9         Code  Wk  startup_stm32f2xx.o [1]
RCC_AHB1PeriphClockCmd  0x08005b71   0x1e  Code  Gb  stm32f2xx_rcc.o [1]
RCC_APB1PeriphClockCmd  0x08005b8f   0x1e  Code  Gb  stm32f2xx_rcc.o [1]
RCC_APB1PeriphResetCmd  0x08005bcb   0x1e  Code  Gb  stm32f2xx_rcc.o [1]
RCC_APB2PeriphClockCmd  0x08005bad   0x1e  Code  Gb  stm32f2xx_rcc.o [1]
RCC_APB2PeriphResetCmd  0x08005be9   0x1e  Code  Gb  stm32f2xx_rcc.o [1]
RCC_DeInit              0x08005939   0x4e  Code  Gb  stm32f2xx_rcc.o [1]
RCC_GetClocksFreq       0x08005a71  0x100  Code  Gb  stm32f2xx_rcc.o [1]
RCC_GetFlagStatus       0x08005c07   0x50  Code  Gb  stm32f2xx_rcc.o [1]
RCC_GetSYSCLKSource     0x08005a1b    0xc  Code  Gb  stm32f2xx_rcc.o [1]
RCC_HCLKConfig          0x08005a27   0x18  Code  Gb  stm32f2xx_rcc.o [1]
RCC_HSEConfig           0x08005987   0x10  Code  Gb  stm32f2xx_rcc.o [1]
RCC_IRQHandler          0x0800df11         Code  Wk  startup_stm32f2xx.o [1]
RCC_PCLK1Config         0x08005a3f   0x18  Code  Gb  stm32f2xx_rcc.o [1]
RCC_PCLK2Config         0x08005a57   0x1a  Code  Gb  stm32f2xx_rcc.o [1]
RCC_PLLCmd              0x080059f9    0xa  Code  Gb  stm32f2xx_rcc.o [1]
RCC_PLLConfig           0x080059d7   0x22  Code  Gb  stm32f2xx_rcc.o [1]
RCC_SYSCLKConfig        0x08005a03   0x18  Code  Gb  stm32f2xx_rcc.o [1]
RCC_WaitForHSEStartUp   0x08005997   0x40  Code  Gb  stm32f2xx_rcc.o [1]
RCC_config              0x080072c3   0x7e  Code  Gb  bsp.o [1]
RTC_Alarm_IRQHandler    0x0800df95         Code  Wk  startup_stm32f2xx.o [1]
RTC_WKUP_IRQHandler     0x0800df09         Code  Wk  startup_stm32f2xx.o [1]
ReadFromRegister        0x080068b1   0x96  Code  Gb  spi.o [1]
ReadFromRegisters       0x080063dd   0xd4  Code  Gb  spi.o [1]
ReadFromRegisters_noChipSelect
                        0x080064b1   0xb4  Code  Gb  spi.o [1]
Region$$Table$$Base     0x0800d39c          --   Gb  - Linker created -
Region$$Table$$Limit    0x0800d3c8          --   Gb  - Linker created -
Reset_Handler           0x0800db75         Code  Wk  startup_stm32f2xx.o [1]
RxWord                  0x20000488  0x100  Data  Lc  commands.o [1]
SDIO_IRQHandler         0x0800dfb5         Code  Wk  startup_stm32f2xx.o [1]
SPI1_IRQHandler         0x0800df85         Code  Wk  startup_stm32f2xx.o [1]
SPI2_IRQHandler         0x0800df89         Code  Wk  startup_stm32f2xx.o [1]
SPI3_IRQHandler         0x08006317    0xc  Code  Gb  spi.o [1]
SPI_Cmd                 0x080083e7   0x1c  Code  Gb  stm32f2xx_spi.o [1]
SPI_I2S_DeInit          0x0800831d   0x58  Code  Gb  stm32f2xx_spi.o [1]
SPI_I2S_GetFlagStatus   0x08008403   0x18  Code  Gb  stm32f2xx_spi.o [1]
SPI_Init                0x08008375   0x40  Code  Gb  stm32f2xx_spi.o [1]
SPI_StructInit          0x080083c1   0x26  Code  Gb  stm32f2xx_spi.o [1]
SPI_baddata_test5       0x08004b85  0x186  Code  Gb  commands.o [1]
STM_EVAL_LEDInit        0x08008665   0x44  Code  Gb  iar_stm32f207zg_sk.o [1]
STM_EVAL_LEDOff         0x080086bd   0x14  Code  Gb  iar_stm32f207zg_sk.o [1]
STM_EVAL_LEDOn          0x080086a9   0x14  Code  Gb  iar_stm32f207zg_sk.o [1]
STM_EVAL_LEDToggle      0x080086d1   0x20  Code  Gb  iar_stm32f207zg_sk.o [1]
SVC_Handler             0x0800def1         Code  Wk  startup_stm32f2xx.o [1]
SYSCFG_EXTILineConfig   0x08005e79   0x50  Code  Gb  stm32f2xx_syscfg.o [1]
SendBlock               0x08006771  0x140  Code  Gb  spi.o [1]
SendCommand             0x080066b3   0xbe  Code  Gb  spi.o [1]
SetSysClock             0x08008889  0x11e  Code  Lc  system_stm32f2xx.o [1]
SysTick_Config          0x0800698f   0x32  Code  Lc  timer.o [1]
SysTick_Handler         0x080069c1   0x2a  Code  Gb  timer.o [1]
SystemCoreClock         0x20000148    0x4  Data  Gb  system_stm32f2xx.o [1]
SystemCoreClockUpdate   0x080087cf   0xba  Code  Gb  system_stm32f2xx.o [1]
SystemInit              0x08008789   0x46  Code  Gb  system_stm32f2xx.o [1]
TAMP_STAMP_IRQHandler   0x0800df05         Code  Wk  startup_stm32f2xx.o [1]
TIM1_BRK_TIM9_IRQHandler
                        0x0800df59         Code  Wk  startup_stm32f2xx.o [1]
TIM1_CC_IRQHandler      0x0800df65         Code  Wk  startup_stm32f2xx.o [1]
TIM1_TRG_COM_TIM11_IRQHandler
                        0x0800df61         Code  Wk  startup_stm32f2xx.o [1]
TIM1_UP_TIM10_IRQHandler
                        0x0800df5d         Code  Wk  startup_stm32f2xx.o [1]
TIM2_IRQHandler         0x0800df69         Code  Wk  startup_stm32f2xx.o [1]
TIM3_IRQHandler         0x0800df6d         Code  Wk  startup_stm32f2xx.o [1]
TIM4_IRQHandler         0x0800df71         Code  Wk  startup_stm32f2xx.o [1]
TIM5_IRQHandler         0x08007d87   0xdc  Code  Gb  SyncTimer.o [1]
TIM5_UpdateTimerTop     0x08007e63    0xe  Code  Gb  SyncTimer.o [1]
TIM6_DAC_IRQHandler     0x0800dfc1         Code  Wk  startup_stm32f2xx.o [1]
TIM7_IRQHandler         0x0800dfc5         Code  Wk  startup_stm32f2xx.o [1]
TIM8_BRK_TIM12_IRQHandler
                        0x0800df9d         Code  Wk  startup_stm32f2xx.o [1]
TIM8_CC_IRQHandler      0x0800dfa9         Code  Wk  startup_stm32f2xx.o [1]
TIM8_TRG_COM_TIM14_IRQHandler
                        0x0800dfa5         Code  Wk  startup_stm32f2xx.o [1]
TIM8_UP_TIM13_IRQHandler
                        0x0800dfa1         Code  Wk  startup_stm32f2xx.o [1]
TIM_Cmd                 0x08008fff   0x1c  Code  Gb  stm32f2xx_tim.o [1]
TIM_GetITStatus         0x080090ff   0x32  Code  Gb  stm32f2xx_tim.o [1]
TIM_ITConfig            0x080090e9   0x16  Code  Gb  stm32f2xx_tim.o [1]
TIM_OC1Init             0x0800901b   0x7e  Code  Gb  stm32f2xx_tim.o [1]
TIM_OC1PreloadConfig    0x080090d7   0x12  Code  Gb  stm32f2xx_tim.o [1]
TIM_OCStructInit        0x080090b5   0x22  Code  Gb  stm32f2xx_tim.o [1]
TIM_SetCounter          0x08008ffb    0x4  Code  Gb  stm32f2xx_tim.o [1]
TIM_TimeBaseInit        0x08008f79   0x6a  Code  Gb  stm32f2xx_tim.o [1]
TIM_TimeBaseStructInit  0x08008fe3   0x18  Code  Gb  stm32f2xx_tim.o [1]
TaskCommandLine         0x0800b16d   0x26  Code  Gb  main.o [1]
TaskHeartbeat           0x0800b131   0x3c  Code  Gb  main.o [1]
TimeNow                 0x080069fb    0x6  Code  Gb  timer.o [1]
TimePassed              0x08006a01   0x10  Code  Gb  timer.o [1]
ToggleSyncPin           0x20000d24    0x1  Data  Gb  SyncTimer.o [1]
ToogleCSFlag            0x20000d2e    0x1  Data  Lc  commands.o [1]
TotalTests              0x2000012c    0x4  Data  Lc  commands.o [1]
TotalWords              0x20000d2a    0x1  Data  Lc  commands.o [1]
UART4_IRQHandler        0x0800dfb9         Code  Wk  startup_stm32f2xx.o [1]
UART5_IRQHandler        0x0800dfbd         Code  Wk  startup_stm32f2xx.o [1]
USART1_IRQHandler       0x080080c7   0x64  Code  Gb  debug_usart.o [1]
USART2_IRQHandler       0x0800df8d         Code  Wk  startup_stm32f2xx.o [1]
USART3_IRQHandler       0x0800df91         Code  Wk  startup_stm32f2xx.o [1]
USART6_IRQHandler       0x0800e005         Code  Wk  startup_stm32f2xx.o [1]
USART_Cmd               0x0800933d   0x1c  Code  Gb  stm32f2xx_usart.o [1]
USART_GetFlagStatus     0x080093bf   0x1e  Code  Gb  stm32f2xx_usart.o [1]
USART_ITConfig          0x08009369   0x56  Code  Gb  stm32f2xx_usart.o [1]
USART_Init              0x08009241   0xee  Code  Gb  stm32f2xx_usart.o [1]
USART_ReceiveData       0x08009361    0x8  Code  Gb  stm32f2xx_usart.o [1]
USART_SendData          0x08009359    0x8  Code  Gb  stm32f2xx_usart.o [1]
UsageFault_Handler      0x0800deed         Code  Wk  startup_stm32f2xx.o [1]
WWDG_IRQHandler         0x0800defd         Code  Wk  startup_stm32f2xx.o [1]
WaitForDRDY             0x20000d2b    0x1  Data  Lc  commands.o [1]
WriteToRegister         0x08006629   0x8a  Code  Gb  spi.o [1]
_BurstRead              0x080010ed  0x170  Code  Gb  commands.o [1]
_CmdHelp                0x080060d9   0x36  Code  Lc  commandLine.o [1]
_Dispatch               0x0800608b   0x4e  Code  Lc  commandLine.o [1]
_DisplayMesage_A1       0x0800411d  0x120  Code  Gb  commands.o [1]
_DisplayMesage_A2       0x08004251  0x116  Code  Gb  commands.o [1]
_DisplayMesage_N1       0x08004371  0x112  Code  Gb  commands.o [1]
_DisplayMesage_S0       0x08003e01   0xec  Code  Gb  commands.o [1]
_DisplayMesage_S1       0x08003ef9  0x218  Code  Gb  commands.o [1]
_DisplayMesage_Stnd     0x08003b51  0x128  Code  Gb  commands.o [1]
_DisplayMesage_Stnd2    0x08003c95  0x138  Code  Gb  commands.o [1]
_ExecLine               0x08005fd3   0x1a  Code  Lc  commandLine.o [1]
_InitDataReady          0x080001e1   0x88  Code  Gb  commands.o [1]
_IsdstStr               0x2000008c    0x4  Data  Gb  setlocale.o [3]
_LocaleC_isalpha        0x0800a3a5   0x16  Code  Gb  xlocale_c.o [3]
_LocaleC_isspace        0x0800a3bb   0x14  Code  Gb  xlocale_c.o [3]
_LocaleC_tolower        0x0800a3cf    0xc  Code  Gb  xlocale_c.o [3]
_LocaleForCat           0x0800a38d   0x12  Code  Gb  setlocale.o [3]
_LocaleReturnString     0x200000ac   0x50  Data  Lc  setlocale.o [3]
_Locale_Profile         0x20000090   0x1c  Data  Gb  setlocale.o [3]
_Locale_aeabi_lconv     0x20000050   0x38  Data  Gb  localeconv.o [3]
_Locale_lconv           0x20000000   0x50  Data  Gb  localeconv.o [3]
_PrintHeader            0x08003ab9   0x70  Code  Gb  commands.o [1]
_PrintfTiny             0x08008e31  0x142  Code  Gb  xprintftiny.o [3]
_SPI3_Init              0x080061af  0x144  Code  Gb  spi.o [1]
_SProut                 0x08006aa7    0xa  Code  Gb  xsprout.o [3]
_SendIndraConfigCmds    0x080037d5   0xdc  Code  Gb  commands.o [1]
_SendJDConfigCmds       0x080036e9   0xdc  Code  Gb  commands.o [1]
_SetOutputDataRate      0x080039ed   0xcc  Code  Gb  commands.o [1]
_SetSPIClockSpeed       0x080053bb   0x44  Code  Gb  commands.o [1]
_Stoflt                 0x08009c39  0x1bc  Code  Gb  xstoflt.o [3]
_Stopfx                 0x08009b05  0x134  Code  Gb  xstopfx.o [3]
_Stoxflt                0x0800a039  0x1d4  Code  Gb  xstoxflt.o [3]
_ToggleInputPin         0x080038d9   0xee  Code  Gb  commands.o [1]
_TzoneStr               0x20000088    0x4  Data  Gb  setlocale.o [3]
_UserCommSpiDMADoneCallback
                        0x08007341    0xe  Code  Lc  UserCommunication_SPI.o [1]
_WhoAmI                 0x08003673   0x5e  Code  Gb  commands.o [1]
__aeabi_cdcmpeq         0x08008aa1         Code  Gb  DblCmpEq.o [4]
__aeabi_cdcmple         0x08007421         Code  Gb  DblCmpLe.o [4]
__aeabi_cdrcmple        0x080073f1         Code  Gb  DblCmpGe.o [4]
__aeabi_cfcmple         0x08007ead         Code  Gb  FltCmpLe.o [4]
__aeabi_cfrcmple        0x08006d35         Code  Gb  FltCmpGe.o [4]
__aeabi_d2f             0x08006ca5         Code  Gb  DblToFlt.o [4]
__aeabi_d2iz            0x080071d9         Code  Gb  DblToI32.o [4]
__aeabi_dadd            0x08006da5         Code  Gb  DblAdd.o [4]
__aeabi_ddiv            0x08006f91         Code  Gb  DblDiv.o [4]
__aeabi_dmul            0x08006b01         Code  Gb  DblMul.o [4]
__aeabi_dsub            0x0800847d         Code  Gb  DblSub.o [4]
__aeabi_errno_addr      0x08008ac1    0x6  Code  Gb  errno.o [3]
__aeabi_f2d             0x08006ab1         Code  Gb  FltToDbl.o [4]
__aeabi_f2iz            0x08006d59         Code  Gb  FltToS32.o [4]
__aeabi_fmul            0x08008235         Code  Gb  FltMul.o [4]
__aeabi_fsub            0x0800814d         Code  Gb  FltSub.o [4]
__aeabi_i2d             0x080073c5         Code  Gb  I32ToDbl.o [4]
__aeabi_i2f             0x08006a75         Code  Gb  I32ToFlt.o [4]
__aeabi_memclr4         0x08006a4d         Code  Gb  ABImemclr4.o [5]
__aeabi_memcpy          0x08009131         Code  Gb  ABImemcpy.o [5]
__aeabi_memcpy4         0x08009151         Code  Gb  ABImemcpy.o [5]
__aeabi_memcpy8         0x08009151         Code  Gb  ABImemcpy.o [5]
__aeabi_memset          0x080085fd         Code  Gb  ABImemset.o [5]
__aeabi_ui2f            0x08006a89         Code  Gb  I32ToFlt.o [4]
__cmain                 0x0800d855         Code  Gb  cmain.o [5]
__exit                  0x0800c029   0x14  Code  Gb  exit.o [7]
__iar_Dint              0x08008a23   0x7e  Code  Gb  xdint.o [4]
__iar_Dnorm             0x080089e1   0x42  Code  Gb  xdnorm.o [4]
__iar_Dscale            0x08009801  0x10c  Code  Gb  xdscale.o [4]
__iar_Dtentox           0x08009e9f  0x138  Code  Gb  xdtento.o [4]
__iar_Dtest             0x080097cf   0x32  Code  Gb  xdtest.o [4]
__iar_Dunscale          0x0800a449   0x56  Code  Gb  xdunscal.o [4]
__iar_Errno             0x20000150    0x4  Data  Gb  errno.o [3]
__iar_Exp               0x08008b75  0x29e  Code  Gb  xexp.o [4]
__iar_Locale_lconv_init
                        0x0800a3dd   0x3a  Code  Gb  localeconv.o [3]
__iar_Logpoly           0x08008acd   0x6e  Code  Gb  xlog.o [4]
__iar_Memchr            0x08009aad         Code  Gb  memchr.o [5]
__iar_Memset            0x080085fd         Code  Gb  ABImemset.o [5]
__iar_Memset4_word      0x08008449         Code  Gb  ABImemset48.o [5]
__iar_Memset8_word      0x08008449         Code  Gb  ABImemset48.o [5]
__iar_Memset_word       0x08008605         Code  Gb  ABImemset.o [5]
__iar_Stod              0x080097c9    0x4  Code  Gb  xstod.o [4]
__iar_Stodx             0x0800968d  0x130  Code  Gb  xstod.o [4]
__iar_Stoul             0x08009639    0x4  Code  Gb  xstoul.o [3]
__iar_Stoulx            0x08009521  0x112  Code  Gb  xstoul.o [3]
__iar_d2uiz             0x08007205         Code  Gb  DblToI32.o [4]
__iar_dadd              0x08006db9         Code  Gb  DblAdd.o [4]
__iar_data_init3        0x0800d17d   0x28  Code  Gb  data_init.o [5]
__iar_dlib_perthread_access
                        0x080097cd    0x2  Code  Gb  xtls.o [3]
__iar_dsub              0x08008491         Code  Gb  DblSub.o [4]
__iar_dsubStart         0x080084a3         Code  Gb  DblSub.o [4]
__iar_fadd              0x080094ad         Code  Gb  FltAdd.o [4]
__iar_fsub              0x0800815d         Code  Gb  FltSub.o [4]
__iar_fsubStart         0x0800816d         Code  Gb  FltSub.o [4]
__iar_packbits_init3    0x0800bf93   0x8e  Code  Gb  packbits_init.o [5]
__iar_program_start     0x0800dd1d         Code  Gb  cstartup_M.o [5]
__iar_strcmp            0x08007225         Code  Gb  strcmp.o [5]
__iar_ui2d              0x080073d9         Code  Gb  I32ToDbl.o [4]
__iar_ui2f              0x08006a8d         Code  Gb  I32ToFlt.o [4]
__iar_zero_init3        0x08006a53   0x22  Code  Gb  zero_init3.o [5]
__low_level_init        0x0800d86b    0x4  Code  Gb  low_level_init.o [3]
__vector_table          0x08000000         Data  Gb  startup_stm32f2xx.o [1]
_calcCRC                0x08006145   0x6a  Code  Gb  spi.o [1]
_call_main              0x0800d861         Code  Gb  cmain.o [5]
_crc                    0x20000156    0x2  Data  Lc  spi.o [1]
_exit                   0x0800d875         Code  Gb  cexit.o [5]
_initCRC                0x0800613d    0x8  Code  Gb  spi.o [1]
_main                   0x0800d867         Code  Gb  cmain.o [5]
_spi_set_baud           0x08006323   0x66  Code  Gb  spi.o [1]
abort                   0x0800c021    0x6  Code  Gb  abort.o [3]
abs                     0x08006d9d    0x8  Code  Gb  abs.o [3]
activateApplication     0x080054e7   0x32  Code  Gb  commands.o [1]
atof                    0x08008315    0x8  Code  Gb  atof.o [4]
atoi                    0x0800830d    0x8  Code  Gb  atoi.o [3]
burstReadSequence       0x08004785   0xb0  Code  Lc  commands.o [1]
dataBuffer              0x20000778   0xc8  Data  Gb  commands.o [1]
ddd                     0x20000ce4    0x4  Data  Lc  commands.o [1]
digits                  0x0800963c   0x28  Data  Lc  xstoul.o [3]
displayHex              0x20000d2c    0x1  Data  Lc  commands.o [1]
dmul                    0x08009e71   0x2e  Code  Lc  xdtento.o [4]
doSelfTest              0x08004595  0x14c  Code  Gb  commands.o [1]
dt_usec                 0x20000cd8    0x4  Data  Gb  SyncTimer.o [1]
endingAddress           0x20000d29    0x1  Data  Lc  commands.o [1]
exit                    0x0800d86f    0x4  Code  Gb  exit.o [3]
fragment                0x20000588  0x100  Data  Gb  commands.o [1]
freqRatio               0x20000154    0x2  Data  Gb  SyncTimer.o [1]
gCircRxBufMemory        0x20000bd8   0x80  Data  Lc  debug_usart.o [1]
gCircTxBufMemory        0x2000015c  0x200  Data  Lc  debug_usart.o [1]
gCmdLine                0x20000c58   0x50  Data  Lc  commandLine.o [1]
gCmdLineIndex           0x20000cdc    0x4  Data  Lc  commandLine.o [1]
gCommands               0x0800a4a0  0x370  Data  Gb  commandTable.o [1]
gDebugUsartRxCircBuf    0x20000ca8   0x10  Data  Lc  debug_usart.o [1]
gDebugUsartTxCircBuf    0x20000cb8   0x10  Data  Lc  debug_usart.o [1]
gIsrDisableCount        0x20000cf4    0x4  Data  Lc  salvohook_interrupt.o [1]
gOsSysTicks             0x2000014c    0x4  Data  Lc  timer.o [1]
gSPI3CallbackOnDMAComplete
                        0x20000cf8    0x4  Data  Gb  spi.o [1]
gSysTicks               0x20000cfc    0x4  Data  Lc  timer.o [1]
imageLength             0x20000cf0    0x4  Data  Gb  commands.o [1]
internal_Pow            0x08007451  0x428  Code  Lc  pow.o [4]
isalpha                 0x08009a71   0x14  Code  Gb  isxxx.o [3]
isspace                 0x08009a85   0x14  Code  Gb  isxxx.o [3]
itoa                    0x080058b5   0x84  Code  Lc  debug.o [1]
led_off                 0x08007275    0xe  Code  Gb  bsp.o [1]
led_on                  0x08007267    0xe  Code  Gb  bsp.o [1]
led_toggle              0x08007283    0xe  Code  Gb  bsp.o [1]
lnbias                  0x08007890  0x420  Data  Lc  pow.o [4]
localeconv              0x0800a417   0x16  Code  Gb  localeconv.o [3]
main                    0x0800b079   0xb6  Code  Gb  main.o [1]
memchr                  0x08009aad         Code  Gb  memchr.o [5]
memcpy                  0x08007ed1   0x16  Code  Gb  commands.o [1]
memset                  0x08006e8d   0x16  Code  Gb  commands.o [1]
msgType                 0x20000cc8    0x8  Data  Lc  commands.o [1]
ndigs                   0x08009664   0x28  Data  Lc  xstoul.o [3]
numberOfBytes           0x20000159    0x1  Data  Lc  commands.o [1]
oriRetention            0x08004d0b   0xc6  Code  Gb  commands.o [1]
out                     0x08008e19   0x18  Code  Lc  xprintftiny.o [3]
pow                     0x0800787f    0xe  Code  Gb  pow.o [4]
pows                    0x08009ff0   0x48  Data  Lc  xdtento.o [4]
programApplicationImage
                        0x0800558b   0xaa  Code  Gb  commands.o [1]
programBlock            0x08005519   0x40  Code  Gb  commands.o [1]
pwmDivider              0x20000d26    0x1  Data  Gb  SyncTimer.o [1]
pwmEnabled              0x20000d25    0x1  Data  Gb  SyncTimer.o [1]
repeatSelfTest          0x08004ecd  0x162  Code  Gb  commands.o [1]
repeatSelfTestSequence  0x08004dd1   0xf4  Code  Lc  commands.o [1]
resetDevice             0x08005559   0x32  Code  Gb  commands.o [1]
restartUUT              0x080046e9   0x9c  Code  Lc  commands.o [1]
selfTestSequence        0x08004835   0xb2  Code  Lc  commands.o [1]
sendEnterBootModeCommand
                        0x080054b5   0x32  Code  Gb  commands.o [1]
spi_configure           0x080062f3   0x24  Code  Gb  spi.o [1]
spi_go_even_faster      0x08006397    0xe  Code  Gb  spi.o [1]
spi_go_fast             0x08006389    0xe  Code  Gb  spi.o [1]
spi_go_faster           0x080063b3    0xe  Code  Gb  spi.o [1]
spi_go_really_slow      0x080063cf    0xe  Code  Gb  spi.o [1]
spi_go_slightly_faster  0x080063a5    0xe  Code  Gb  spi.o [1]
spi_go_slow             0x080063c1    0xe  Code  Gb  spi.o [1]
sprintf                 0x08007cb1   0x34  Code  Gb  sprintf.o [3]
startSequence           0x080048fd  0x1e0  Code  Lc  commands.o [1]
startingAddress         0x20000158    0x1  Data  Lc  commands.o [1]
strcmp                  0x08007225         Code  Gb  strcmp.o [5]
strcmpi                 0x08006eb9   0x4a  Code  Gb  utilities.o [1]
strcpy                  0x08006f7d   0x14  Code  Gb  utilities.o [1]
strlen                  0x0800990d         Code  Gb  strlen.o [5]
strrep                  0x08006f03   0x16  Code  Gb  utilities.o [1]
strtok_r                0x08006f19   0x64  Code  Gb  utilities.o [1]
testNumber              0x20000cec    0x4  Data  Lc  commands.o [1]
tolower                 0x08006ea3   0x16  Code  Lc  utilities.o [1]
tolower                 0x08009a99   0x14  Code  Gb  tolower.o [3]
validateApplicationImage
                        0x08005421   0x70  Code  Gb  commands.o [1]
waitMs                  0x080001c3   0x1e  Code  Lc  commands.o [1]
writeSeqence            0x08004aed   0x98  Code  Lc  commands.o [1]


[1] = E:\SPIMaster\SPIMaster_BadDataTest5_spi_rate_and_timerPWM\Trunk\iar\Debug\Obj
[2] = command line
[3] = dl7M_tlf.a
[4] = m7M_tl.a
[5] = rt7M_tl.a
[6] = salvo.a
[7] = shb_l.a

  44 295 bytes of readonly  code memory
  13 191 bytes of readonly  data memory
   5 425 bytes of readwrite data memory

Errors: none
Warnings: none
