###############################################################################
#                                                                             #
# IAR ELF Linker V6.50.1.4415/W32 for ARM               22/Feb/2021  10:40:16 #
# Copyright 2007-2012 IAR Systems AB.                                         #
#                                                                             #
#    Output file  =  E:\GitHub\SPI_Master\spi_master\Trunk\iar\Debug\Exe\SPIM #
#                    aster.out.tmp                                            #
#    Map file     =  E:\GitHub\SPI_Master\spi_master\Trunk\iar\Debug\List\SPI #
#                    Master.map                                               #
#    Command line =  E:\GitHub\SPI_Master\spi_master\RtosSalvo\Iar\Debug\Exe\ #
#                    salvo.a E:\GitHub\SPI_Master\spi_master\Trunk\iar\Debug\ #
#                    Obj\ConfigureGPIOPins.o E:\GitHub\SPI_Master\spi_master\ #
#                    Trunk\iar\Debug\Obj\SyncTimer.o                          #
#                    E:\GitHub\SPI_Master\spi_master\Trunk\iar\Debug\Obj\User #
#                    Communication_SPI.o E:\GitHub\SPI_Master\spi_master\Trun #
#                    k\iar\Debug\Obj\bsp.o E:\GitHub\SPI_Master\spi_master\Tr #
#                    unk\iar\Debug\Obj\circbuf.o                              #
#                    E:\GitHub\SPI_Master\spi_master\Trunk\iar\Debug\Obj\comm #
#                    andLine.o E:\GitHub\SPI_Master\spi_master\Trunk\iar\Debu #
#                    g\Obj\commandTable.o E:\GitHub\SPI_Master\spi_master\Tru #
#                    nk\iar\Debug\Obj\commands.o                              #
#                    E:\GitHub\SPI_Master\spi_master\Trunk\iar\Debug\Obj\debu #
#                    g.o E:\GitHub\SPI_Master\spi_master\Trunk\iar\Debug\Obj\ #
#                    debug_usart.o E:\GitHub\SPI_Master\spi_master\Trunk\iar\ #
#                    Debug\Obj\iar_stm32f207zg_sk.o                           #
#                    E:\GitHub\SPI_Master\spi_master\Trunk\iar\Debug\Obj\main #
#                    .o E:\GitHub\SPI_Master\spi_master\Trunk\iar\Debug\Obj\m #
#                    isc.o E:\GitHub\SPI_Master\spi_master\Trunk\iar\Debug\Ob #
#                    j\salvohook_idle.o E:\GitHub\SPI_Master\spi_master\Trunk #
#                    \iar\Debug\Obj\salvohook_interrupt.o                     #
#                    E:\GitHub\SPI_Master\spi_master\Trunk\iar\Debug\Obj\salv #
#                    ohook_wdt.o E:\GitHub\SPI_Master\spi_master\Trunk\iar\De #
#                    bug\Obj\spi.o E:\GitHub\SPI_Master\spi_master\Trunk\iar\ #
#                    Debug\Obj\startup_stm32f2xx.o                            #
#                    E:\GitHub\SPI_Master\spi_master\Trunk\iar\Debug\Obj\stm3 #
#                    2f2xx_adc.o E:\GitHub\SPI_Master\spi_master\Trunk\iar\De #
#                    bug\Obj\stm32f2xx_can.o E:\GitHub\SPI_Master\spi_master\ #
#                    Trunk\iar\Debug\Obj\stm32f2xx_crc.o                      #
#                    E:\GitHub\SPI_Master\spi_master\Trunk\iar\Debug\Obj\stm3 #
#                    2f2xx_cryp.o E:\GitHub\SPI_Master\spi_master\Trunk\iar\D #
#                    ebug\Obj\stm32f2xx_cryp_aes.o                            #
#                    E:\GitHub\SPI_Master\spi_master\Trunk\iar\Debug\Obj\stm3 #
#                    2f2xx_cryp_des.o E:\GitHub\SPI_Master\spi_master\Trunk\i #
#                    ar\Debug\Obj\stm32f2xx_cryp_tdes.o                       #
#                    E:\GitHub\SPI_Master\spi_master\Trunk\iar\Debug\Obj\stm3 #
#                    2f2xx_dac.o E:\GitHub\SPI_Master\spi_master\Trunk\iar\De #
#                    bug\Obj\stm32f2xx_dbgmcu.o E:\GitHub\SPI_Master\spi_mast #
#                    er\Trunk\iar\Debug\Obj\stm32f2xx_dcmi.o                  #
#                    E:\GitHub\SPI_Master\spi_master\Trunk\iar\Debug\Obj\stm3 #
#                    2f2xx_dma.o E:\GitHub\SPI_Master\spi_master\Trunk\iar\De #
#                    bug\Obj\stm32f2xx_exti.o E:\GitHub\SPI_Master\spi_master #
#                    \Trunk\iar\Debug\Obj\stm32f2xx_flash.o                   #
#                    E:\GitHub\SPI_Master\spi_master\Trunk\iar\Debug\Obj\stm3 #
#                    2f2xx_fsmc.o E:\GitHub\SPI_Master\spi_master\Trunk\iar\D #
#                    ebug\Obj\stm32f2xx_gpio.o E:\GitHub\SPI_Master\spi_maste #
#                    r\Trunk\iar\Debug\Obj\stm32f2xx_hash.o                   #
#                    E:\GitHub\SPI_Master\spi_master\Trunk\iar\Debug\Obj\stm3 #
#                    2f2xx_hash_md5.o E:\GitHub\SPI_Master\spi_master\Trunk\i #
#                    ar\Debug\Obj\stm32f2xx_hash_sha1.o                       #
#                    E:\GitHub\SPI_Master\spi_master\Trunk\iar\Debug\Obj\stm3 #
#                    2f2xx_i2c.o E:\GitHub\SPI_Master\spi_master\Trunk\iar\De #
#                    bug\Obj\stm32f2xx_iwdg.o E:\GitHub\SPI_Master\spi_master #
#                    \Trunk\iar\Debug\Obj\stm32f2xx_pwr.o                     #
#                    E:\GitHub\SPI_Master\spi_master\Trunk\iar\Debug\Obj\stm3 #
#                    2f2xx_rcc.o E:\GitHub\SPI_Master\spi_master\Trunk\iar\De #
#                    bug\Obj\stm32f2xx_rng.o E:\GitHub\SPI_Master\spi_master\ #
#                    Trunk\iar\Debug\Obj\stm32f2xx_rtc.o                      #
#                    E:\GitHub\SPI_Master\spi_master\Trunk\iar\Debug\Obj\stm3 #
#                    2f2xx_sdio.o E:\GitHub\SPI_Master\spi_master\Trunk\iar\D #
#                    ebug\Obj\stm32f2xx_spi.o E:\GitHub\SPI_Master\spi_master #
#                    \Trunk\iar\Debug\Obj\stm32f2xx_syscfg.o                  #
#                    E:\GitHub\SPI_Master\spi_master\Trunk\iar\Debug\Obj\stm3 #
#                    2f2xx_tim.o E:\GitHub\SPI_Master\spi_master\Trunk\iar\De #
#                    bug\Obj\stm32f2xx_usart.o E:\GitHub\SPI_Master\spi_maste #
#                    r\Trunk\iar\Debug\Obj\stm32f2xx_wwdg.o                   #
#                    E:\GitHub\SPI_Master\spi_master\Trunk\iar\Debug\Obj\syst #
#                    em_stm32f2xx.o E:\GitHub\SPI_Master\spi_master\Trunk\iar #
#                    \Debug\Obj\timer.o E:\GitHub\SPI_Master\spi_master\Trunk #
#                    \iar\Debug\Obj\utilities.o -o                            #
#                    E:\GitHub\SPI_Master\spi_master\Trunk\iar\Debug\Exe\SPIM #
#                    aster.out.tmp --map E:\GitHub\SPI_Master\spi_master\Trun #
#                    k\iar\Debug\List\SPIMaster.map --log                     #
#                    initialization,modules,redirects,sections,               #
#                    unused_fragments --log_file                              #
#                    E:\GitHub\SPI_Master\spi_master\Trunk\iar\Debug\List\SPI #
#                    Master.log --config E:\GitHub\SPI_Master\spi_master\Trun #
#                    k\iar\..\src\board\stm32f2xx_flash.icf --semihosting     #
#                    --entry __iar_program_start --redirect                   #
#                    __iar_sh_stdout=__iar_sh_stdout_swo --no_exceptions      #
#                    --vfe                                                    #
#                                                                             #
#                                                                             #
###############################################################################

*******************************************************************************
*** RUNTIME MODEL ATTRIBUTES
***

CppFlavor                     = *
__SystemLibrary               = DLib
__dlib_dynamic_initialization = normal


*******************************************************************************
*** PLACEMENT SUMMARY
***

"A1":  place at 0x08000000 { ro section .intvec };
"P2":  place in [from 0x08000000 to 0x080dffff] { ro };
"P3":  place in [from 0x20000000 to 0x20020000] { rw, block CSTACK, block HEAP };

  Section             Kind        Address    Size  Object
  -------             ----        -------    ----  ------
"A1":                                       0x190
  .intvec             ro code  0x08000000   0x190  startup_stm32f2xx.o [1]
                             - 0x08000190   0x190

"P2":                                      0xdf08
  .text               ro code  0x08000190  0x5620  commands.o [1]
  .text               ro code  0x080057b0   0x190  debug.o [1]
  .text               ro code  0x08005940   0x368  stm32f2xx_rcc.o [1]
  .text               ro code  0x08005ca8   0x124  stm32f2xx_gpio.o [1]
  .text               ro code  0x08005dcc    0xb4  stm32f2xx_exti.o [1]
  .text               ro code  0x08005e80    0x54  stm32f2xx_syscfg.o [1]
  .text               ro code  0x08005ed4    0x7c  misc.o [1]
  .text               ro code  0x08005f50    0x2c  salvohook_interrupt.o [1]
  .text               ro code  0x08005f7c   0x1c8  commandLine.o [1]
  .text               ro code  0x08006144   0x830  spi.o [1]
  .text               ro code  0x08006974    0xe0  timer.o [1]
  .text               ro code  0x08006a54     0x6  ABImemclr4.o [5]
  .text               ro code  0x08006a5a    0x22  zero_init3.o [5]
  .text               ro code  0x08006a7c    0x32  I32ToFlt.o [4]
  .text               ro code  0x08006aae     0xa  xsprout.o [3]
  .text               ro code  0x08006ab8    0x4e  FltToDbl.o [4]
  .rodata             const    0x08006b06     0x2  commandTable.o [1]
  .text               ro code  0x08006b08   0x1a2  DblMul.o [4]
  .rodata             const    0x08006caa     0x2  commandTable.o [1]
  .text               ro code  0x08006cac    0x90  DblToFlt.o [4]
  .text               ro code  0x08006d3c    0x24  FltCmpGe.o [4]
  .text               ro code  0x08006d60    0x44  FltToS32.o [4]
  .text               ro code  0x08006da4     0x8  abs.o [3]
  .text               ro code  0x08006dac    0xe8  DblAdd.o [4]
  .text               ro code  0x08006e94    0x16  commands.o [1]
  .text               ro code  0x08006eaa    0xee  utilities.o [1]
  .text               ro code  0x08006f98   0x246  DblDiv.o [4]
  .rodata             const    0x080071de     0x2  commandTable.o [1]
  .text               ro code  0x080071e0    0x4c  DblToI32.o [4]
  .text               ro code  0x0800722c    0x42  strcmp.o [5]
  .text               ro code  0x0800726e    0xda  bsp.o [1]
  .text               ro code  0x08007348    0x84  UserCommunication_SPI.o [1]
  .text               ro code  0x080073cc    0x2c  I32ToDbl.o [4]
  .text               ro code  0x080073f8    0x2e  DblCmpGe.o [4]
  .rodata             const    0x08007426     0x1  commandTable.o [1]
  .text               ro code  0x08007428    0x2e  DblCmpLe.o [4]
  .text               ro code  0x08007458   0x860  pow.o [4]
  .text               ro code  0x08007cb8    0x34  sprintf.o [3]
  .text               ro code  0x08007cec   0x1c8  SyncTimer.o [1]
  .text               ro code  0x08007eb4    0x24  FltCmpLe.o [4]
  .text               ro code  0x08007ed8    0x16  commands.o [1]
  .text               ro code  0x08007ef0   0x264  debug_usart.o [1]
  .text               ro code  0x08008154    0xe6  FltSub.o [4]
  .text               ro code  0x0800823c    0xd8  FltMul.o [4]
  .text               ro code  0x08008314     0x8  atoi.o [3]
  .text               ro code  0x0800831c     0x8  atof.o [4]
  .text               ro code  0x08008324    0xfe  stm32f2xx_spi.o [1]
  .text               ro code  0x08008424    0x2c  salvotimer.o [6]
  .text               ro code  0x08008450    0x32  ABImemset48.o [5]
  .text               ro code  0x08008484   0x180  DblSub.o [4]
  .text               ro code  0x08008604    0x66  ABImemset.o [5]
  .text               ro code  0x0800866c    0x98  iar_stm32f207zg_sk.o [1]
  .text               ro code  0x08008704    0x8c  stm32f2xx_flash.o [1]
  .text               ro code  0x08008790   0x258  system_stm32f2xx.o [1]
  .text               ro code  0x080089e8    0x42  xdnorm.o [4]
  .text               ro code  0x08008a2a    0x7e  xdint.o [4]
  .text               ro code  0x08008aa8    0x20  DblCmpEq.o [4]
  .text               ro code  0x08008ac8     0xc  errno.o [3]
  .text               ro code  0x08008ad4    0xa8  xlog.o [4]
  .text               ro code  0x08008b7c   0x2a4  xexp.o [4]
  .text               ro code  0x08008e20   0x15e  xprintftiny.o [3]
  .text               ro code  0x08008f80   0x1b8  stm32f2xx_tim.o [1]
  .text               ro code  0x08009138    0x76  ABImemcpy.o [5]
  .text               ro code  0x080091ae    0x9a  circbuf.o [1]
  .text               ro code  0x08009248   0x19c  stm32f2xx_usart.o [1]
  .text               ro code  0x080093e4    0xd0  salvobinsem.o [6]
  .text               ro code  0x080094b4    0x74  FltAdd.o [4]
  .text               ro code  0x08009528   0x16c  xstoul.o [3]
  .text               ro code  0x08009694   0x140  xstod.o [4]
  .text               ro code  0x080097d4     0x2  xtls.o [3]
  .text               ro code  0x080097d6    0x32  xdtest.o [4]
  .text               ro code  0x08009808   0x10c  xdscale.o [4]
  .text               ro code  0x08009914    0x36  strlen.o [5]
  .text               ro code  0x0800994c   0x12c  salvoevent.o [6]
  .text               ro code  0x08009a78    0x28  isxxx.o [3]
  .text               ro code  0x08009aa0    0x14  tolower.o [3]
  .text               ro code  0x08009ab4    0x58  memchr.o [5]
  .text               ro code  0x08009b0c   0x134  xstopfx.o [3]
  .text               ro code  0x08009c40   0x1bc  xstoflt.o [3]
  .rodata             const    0x08009dfc    0x7c  commandTable.o [1]
  .text               ro code  0x08009e78   0x1c8  xdtento.o [4]
  .text               ro code  0x0800a040   0x208  xstoxflt.o [3]
  .text               ro code  0x0800a248    0xa0  salvoqdel.o [6]
  .text               ro code  0x0800a2e8    0xac  salvoqins.o [6]
  .text               ro code  0x0800a394    0x18  setlocale.o [3]
  .text               ro code  0x0800a3ac    0x16  xlocale_c.o [3]
  .text               ro code  0x0800a3c2    0x14  xlocale_c.o [3]
  .text               ro code  0x0800a3d6     0xc  xlocale_c.o [3]
  .text               ro code  0x0800a3e4    0x6c  localeconv.o [3]
  .text               ro code  0x0800a450    0x56  xdunscal.o [4]
  .rodata             const    0x0800a4a8   0x370  commandTable.o [1]
  .text               ro code  0x0800a818   0x218  salvosched.o [6]
  .text               ro code  0x0800aa30     0x2  salvohook_wdt.o [1]
  CODE                ro code  0x0800aa34    0x6c  salvoportiararm.o [6]
  .text               ro code  0x0800aaa0     0x2  salvohook_idle.o [1]
  .rodata             const    0x0800aaa4   0x17c  commandTable.o [1]
  .rodata             const    0x0800ac20   0x178  commandTable.o [1]
  .rodata             const    0x0800ad98   0x174  commandTable.o [1]
  .rodata             const    0x0800af0c   0x174  commandTable.o [1]
  .text               ro code  0x0800b080   0x158  main.o [1]
  .text               ro code  0x0800b1d8   0x138  ConfigureGPIOPins.o [1]
  .text               ro code  0x0800b310    0x48  salvoinit.o [6]
  .text               ro code  0x0800b358    0x7a  salvoinit2.o [6]
  .text               ro code  0x0800b3d4    0x84  salvodelay.o [6]
  .rodata             const    0x0800b458   0x134  commandTable.o [1]
  .rodata             const    0x0800b58c   0x130  commandTable.o [1]
  .rodata             const    0x0800b6bc    0xf0  commandTable.o [1]
  .rodata             const    0x0800b7ac    0xdc  commandTable.o [1]
  .rodata             const    0x0800b888    0xd4  commandTable.o [1]
  .rodata             const    0x0800b95c    0xd0  commandTable.o [1]
  .rodata             const    0x0800ba2c    0xd0  commandTable.o [1]
  .rodata             const    0x0800bafc    0xcc  commandTable.o [1]
  .rodata             const    0x0800bbc8    0xcc  commandTable.o [1]
  .rodata             const    0x0800bc94    0xc0  commandTable.o [1]
  .rodata             const    0x0800bd54    0xc0  commandTable.o [1]
  .rodata             const    0x0800be14    0xb4  commandTable.o [1]
  .rodata             const    0x0800bec8    0xb0  commandTable.o [1]
  .text               ro code  0x0800bf78    0xb0  packbits_init.o [5]
  .text               ro code  0x0800c028     0x6  abort.o [3]
  .text               ro code  0x0800c030    0x14  exit.o [7]
  .rodata             const    0x0800c044    0xac  commandTable.o [1]
  .rodata             const    0x0800c0f0    0xac  commandTable.o [1]
  .rodata             const    0x0800c19c    0xa4  commandTable.o [1]
  .rodata             const    0x0800c240    0xa0  commandTable.o [1]
  .rodata             const    0x0800c2e0    0xa0  commandTable.o [1]
  .rodata             const    0x0800c380    0xa0  commandTable.o [1]
  .rodata             const    0x0800c420    0x9c  commandTable.o [1]
  .rodata             const    0x0800c4bc    0x9c  commandTable.o [1]
  .rodata             const    0x0800c558    0x94  commandTable.o [1]
  .rodata             const    0x0800c5ec    0x90  commandTable.o [1]
  .rodata             const    0x0800c67c    0x84  commandTable.o [1]
  .rodata             const    0x0800c700    0x80  commandTable.o [1]
  .rodata             const    0x0800c780    0x7c  commandTable.o [1]
  .rodata             const    0x0800c7fc    0x78  commandTable.o [1]
  .rodata             const    0x0800c874    0x78  commandTable.o [1]
  .rodata             const    0x0800c8ec    0x78  commandTable.o [1]
  .rodata             const    0x0800c964    0x64  commandTable.o [1]
  .rodata             const    0x0800c9c8    0x5c  commandTable.o [1]
  .rodata             const    0x0800ca24    0x54  commandTable.o [1]
  .rodata             const    0x0800ca78    0x50  commandTable.o [1]
  .rodata             const    0x0800cac8    0x4c  commandTable.o [1]
  .rodata             const    0x0800cb14    0x48  commandTable.o [1]
  .rodata             const    0x0800cb5c    0x48  commandTable.o [1]
  .rodata             const    0x0800cba4    0x48  commandTable.o [1]
  .rodata             const    0x0800cbec    0x48  commands.o [1]
  .rodata             const    0x0800cc34    0x44  commandTable.o [1]
  .rodata             const    0x0800cc78    0x44  commandTable.o [1]
  .rodata             const    0x0800ccbc    0x44  commandTable.o [1]
  .rodata             const    0x0800cd00    0x40  commandTable.o [1]
  .rodata             const    0x0800cd40    0x3c  commandTable.o [1]
  .rodata             const    0x0800cd7c    0x38  commandTable.o [1]
  .rodata             const    0x0800cdb4    0x34  commandTable.o [1]
  .rodata             const    0x0800cde8    0x34  commands.o [1]
  .rodata             const    0x0800ce1c    0x30  commandTable.o [1]
  .rodata             const    0x0800ce4c    0x30  commandTable.o [1]
  .rodata             const    0x0800ce7c    0x30  commandTable.o [1]
  .rodata             const    0x0800ceac    0x30  commands.o [1]
  .rodata             const    0x0800cedc    0x30  commands.o [1]
  .rodata             const    0x0800cf0c    0x30  commands.o [1]
  .rodata             const    0x0800cf3c    0x2c  commands.o [1]
  .rodata             const    0x0800cf68    0x2c  commands.o [1]
  .rodata             const    0x0800cf94    0x2c  commands.o [1]
  .rodata             const    0x0800cfc0    0x2c  commands.o [1]
  .rodata             const    0x0800cfec    0x2c  commands.o [1]
  .rodata             const    0x0800d018    0x2c  main.o [1]
  .rodata             const    0x0800d044    0x28  commands.o [1]
  .rodata             const    0x0800d06c    0x28  commands.o [1]
  .rodata             const    0x0800d094    0x28  commands.o [1]
  .rodata             const    0x0800d0bc    0x28  commands.o [1]
  .rodata             const    0x0800d0e4    0x28  commands.o [1]
  .rodata             const    0x0800d10c    0x28  commands.o [1]
  .rodata             const    0x0800d134    0x28  commands.o [1]
  .rodata             const    0x0800d15c    0x28  commands.o [1]
  .text               ro code  0x0800d184    0x28  data_init.o [5]
  .rodata             const    0x0800d1ac    0x24  commands.o [1]
  .rodata             const    0x0800d1d0    0x24  commands.o [1]
  .rodata             const    0x0800d1f4    0x24  commands.o [1]
  .rodata             const    0x0800d218    0x24  commands.o [1]
  .rodata             const    0x0800d23c    0x24  commands.o [1]
  .rodata             const    0x0800d260    0x24  commands.o [1]
  .rodata             const    0x0800d284    0x24  commands.o [1]
  .rodata             const    0x0800d2a8    0x24  commands.o [1]
  .rodata             const    0x0800d2cc    0x24  commands.o [1]
  .rodata             const    0x0800d2f0    0x24  commands.o [1]
  .rodata             const    0x0800d314    0x24  commands.o [1]
  .rodata             const    0x0800d338    0x24  commands.o [1]
  .rodata             const    0x0800d35c    0x24  commands.o [1]
  .rodata             const    0x0800d380    0x24  commands.o [1]
  .iar.init_table     const    0x0800d3a4    0x2c  - Linker created -
  .rodata             const    0x0800d3d0    0x20  commandTable.o [1]
  .rodata             const    0x0800d3f0    0x20  commands.o [1]
  .rodata             const    0x0800d410    0x20  commands.o [1]
  .rodata             const    0x0800d430    0x20  commands.o [1]
  .rodata             const    0x0800d450    0x20  commands.o [1]
  .rodata             const    0x0800d470    0x20  commands.o [1]
  .rodata             const    0x0800d490    0x20  commands.o [1]
  .rodata             const    0x0800d4b0    0x20  commands.o [1]
  .rodata             const    0x0800d4d0    0x20  commands.o [1]
  .rodata             const    0x0800d4f0    0x20  commands.o [1]
  .rodata             const    0x0800d510    0x20  commands.o [1]
  .rodata             const    0x0800d530    0x20  commands.o [1]
  .rodata             const    0x0800d550    0x20  commands.o [1]
  .rodata             const    0x0800d570    0x20  commands.o [1]
  .rodata             const    0x0800d590    0x20  commands.o [1]
  .rodata             const    0x0800d5b0    0x1c  commandLine.o [1]
  .rodata             const    0x0800d5cc    0x1c  commands.o [1]
  .rodata             const    0x0800d5e8    0x1c  commands.o [1]
  .rodata             const    0x0800d604    0x1c  commands.o [1]
  .rodata             const    0x0800d620    0x1c  commands.o [1]
  .rodata             const    0x0800d63c    0x1c  commands.o [1]
  .rodata             const    0x0800d658    0x1c  commands.o [1]
  .rodata             const    0x0800d674    0x1c  commands.o [1]
  .rodata             const    0x0800d690    0x1c  commands.o [1]
  .rodata             const    0x0800d6ac    0x1c  commands.o [1]
  .rodata             const    0x0800d6c8    0x1c  commands.o [1]
  .rodata             const    0x0800d6e4    0x1c  commands.o [1]
  .rodata             const    0x0800d700    0x1c  commands.o [1]
  .rodata             const    0x0800d71c    0x1c  commands.o [1]
  .rodata             const    0x0800d738    0x1c  commands.o [1]
  .rodata             const    0x0800d754    0x18  commands.o [1]
  .rodata             const    0x0800d76c    0x18  commands.o [1]
  .rodata             const    0x0800d784    0x18  commands.o [1]
  .rodata             const    0x0800d79c    0x18  commands.o [1]
  .rodata             const    0x0800d7b4    0x18  commands.o [1]
  .rodata             const    0x0800d7cc    0x18  commands.o [1]
  .rodata             const    0x0800d7e4    0x18  commands.o [1]
  .rodata             const    0x0800d7fc    0x18  commands.o [1]
  .rodata             const    0x0800d814    0x18  commands.o [1]
  .rodata             const    0x0800d82c    0x18  commands.o [1]
  .rodata             const    0x0800d844    0x18  commands.o [1]
  .text               ro code  0x0800d85c    0x16  cmain.o [5]
  .text               ro code  0x0800d872     0x4  low_level_init.o [3]
  .text               ro code  0x0800d876     0x4  exit.o [3]
  .text               ro code  0x0800d87c     0xa  cexit.o [5]
  .rodata             const    0x0800d888    0x14  commandLine.o [1]
  .rodata             const    0x0800d89c    0x14  commandTable.o [1]
  .rodata             const    0x0800d8b0    0x14  commands.o [1]
  .rodata             const    0x0800d8c4    0x14  commands.o [1]
  .rodata             const    0x0800d8d8    0x14  commands.o [1]
  .rodata             const    0x0800d8ec    0x14  commands.o [1]
  .rodata             const    0x0800d900    0x14  commands.o [1]
  .rodata             const    0x0800d914    0x14  commands.o [1]
  .rodata             const    0x0800d928    0x14  commands.o [1]
  .rodata             const    0x0800d93c    0x14  commands.o [1]
  .rodata             const    0x0800d950    0x14  commands.o [1]
  .rodata             const    0x0800d964    0x14  commands.o [1]
  .rodata             const    0x0800d978    0x14  commands.o [1]
  .rodata             const    0x0800d98c    0x14  commands.o [1]
  .rodata             const    0x0800d9a0    0x14  commands.o [1]
  .rodata             const    0x0800d9b4    0x14  commands.o [1]
  .rodata             const    0x0800d9c8    0x14  commands.o [1]
  .rodata             const    0x0800d9dc    0x14  commands.o [1]
  .rodata             const    0x0800d9f0    0x14  commands.o [1]
  .rodata             const    0x0800da04    0x14  commands.o [1]
  .rodata             const    0x0800da18    0x14  commands.o [1]
  .rodata             const    0x0800da2c    0x10  commandTable.o [1]
  .rodata             const    0x0800da3c    0x10  commandTable.o [1]
  .rodata             const    0x0800da4c    0x10  commandTable.o [1]
  .rodata             const    0x0800da5c    0x10  commandTable.o [1]
  .rodata             const    0x0800da6c    0x10  commandTable.o [1]
  .rodata             const    0x0800da7c    0x10  commands.o [1]
  .rodata             const    0x0800da8c    0x10  commands.o [1]
  .rodata             const    0x0800da9c    0x10  commands.o [1]
  .rodata             const    0x0800daac    0x10  commands.o [1]
  .rodata             const    0x0800dabc    0x10  commands.o [1]
  .rodata             const    0x0800dacc    0x10  commands.o [1]
  .rodata             const    0x0800dadc    0x10  commands.o [1]
  .rodata             const    0x0800daec    0x10  commands.o [1]
  .rodata             const    0x0800dafc    0x10  commands.o [1]
  .rodata             const    0x0800db0c    0x10  commands.o [1]
  .rodata             const    0x0800db1c    0x10  commands.o [1]
  .rodata             const    0x0800db2c    0x10  commands.o [1]
  .rodata             const    0x0800db3c    0x10  commands.o [1]
  .rodata             const    0x0800db4c    0x10  commands.o [1]
  .rodata             const    0x0800db5c    0x10  commands.o [1]
  .rodata             const    0x0800db6c    0x10  iar_stm32f207zg_sk.o [1]
  .text               ro code  0x0800db7c    0x10  startup_stm32f2xx.o [1]
  .rodata             const    0x0800db8c     0xc  commandTable.o [1]
  .rodata             const    0x0800db98     0xc  commandTable.o [1]
  .rodata             const    0x0800dba4     0xc  commandTable.o [1]
  .rodata             const    0x0800dbb0     0xc  commandTable.o [1]
  .rodata             const    0x0800dbbc     0xc  commandTable.o [1]
  .rodata             const    0x0800dbc8     0xc  commandTable.o [1]
  .rodata             const    0x0800dbd4     0xc  commandTable.o [1]
  .rodata             const    0x0800dbe0     0xc  commandTable.o [1]
  .rodata             const    0x0800dbec     0xc  commandTable.o [1]
  .rodata             const    0x0800dbf8     0xc  commandTable.o [1]
  .rodata             const    0x0800dc04     0xc  commandTable.o [1]
  .rodata             const    0x0800dc10     0xc  commandTable.o [1]
  .rodata             const    0x0800dc1c     0xc  commandTable.o [1]
  .rodata             const    0x0800dc28     0xc  commandTable.o [1]
  .rodata             const    0x0800dc34     0xc  commandTable.o [1]
  .rodata             const    0x0800dc40     0xc  commandTable.o [1]
  .rodata             const    0x0800dc4c     0xc  commandTable.o [1]
  .rodata             const    0x0800dc58     0xc  commandTable.o [1]
  .rodata             const    0x0800dc64     0xc  commandTable.o [1]
  .rodata             const    0x0800dc70     0xc  commandTable.o [1]
  .rodata             const    0x0800dc7c     0xc  commands.o [1]
  .rodata             const    0x0800dc88     0xc  commands.o [1]
  .rodata             const    0x0800dc94     0xc  commands.o [1]
  .rodata             const    0x0800dca0     0xc  commands.o [1]
  .rodata             const    0x0800dcac     0xc  commands.o [1]
  .rodata             const    0x0800dcb8     0xc  commands.o [1]
  .rodata             const    0x0800dcc4     0xc  commands.o [1]
  .rodata             const    0x0800dcd0     0xc  commands.o [1]
  .rodata             const    0x0800dcdc     0xc  commands.o [1]
  .rodata             const    0x0800dce8     0xc  commands.o [1]
  .rodata             const    0x0800dcf4     0xc  commands.o [1]
  .rodata             const    0x0800dd00     0xc  commands.o [1]
  .rodata             const    0x0800dd0c     0xc  commands.o [1]
  .rodata             const    0x0800dd18     0xc  commands.o [1]
  .text               ro code  0x0800dd24     0xc  cstartup_M.o [5]
  .rodata             const    0x0800dd30     0x8  commandLine.o [1]
  .rodata             const    0x0800dd38     0x8  commandTable.o [1]
  .rodata             const    0x0800dd40     0x8  commandTable.o [1]
  .rodata             const    0x0800dd48     0x8  commandTable.o [1]
  .rodata             const    0x0800dd50     0x8  commandTable.o [1]
  .rodata             const    0x0800dd58     0x8  commandTable.o [1]
  .rodata             const    0x0800dd60     0x8  commandTable.o [1]
  .rodata             const    0x0800dd68     0x8  commandTable.o [1]
  .rodata             const    0x0800dd70     0x8  commandTable.o [1]
  .rodata             const    0x0800dd78     0x8  commandTable.o [1]
  .rodata             const    0x0800dd80     0x8  commandTable.o [1]
  .rodata             const    0x0800dd88     0x8  commandTable.o [1]
  .rodata             const    0x0800dd90     0x8  commandTable.o [1]
  .rodata             const    0x0800dd98     0x8  commandTable.o [1]
  .rodata             const    0x0800dda0     0x8  commandTable.o [1]
  .rodata             const    0x0800dda8     0x8  commandTable.o [1]
  .rodata             const    0x0800ddb0     0x8  commandTable.o [1]
  .rodata             const    0x0800ddb8     0x8  commandTable.o [1]
  .rodata             const    0x0800ddc0     0x8  commandTable.o [1]
  .rodata             const    0x0800ddc8     0x8  commandTable.o [1]
  .rodata             const    0x0800ddd0     0x8  commandTable.o [1]
  .rodata             const    0x0800ddd8     0x8  commandTable.o [1]
  .rodata             const    0x0800dde0     0x8  commandTable.o [1]
  .rodata             const    0x0800dde8     0x8  commands.o [1]
  .rodata             const    0x0800ddf0     0x8  commands.o [1]
  .rodata             const    0x0800ddf8     0x8  commands.o [1]
  .rodata             const    0x0800de00     0x8  commands.o [1]
  .rodata             const    0x0800de08     0x8  commands.o [1]
  .rodata             const    0x0800de10     0x8  commands.o [1]
  .rodata             const    0x0800de18     0x8  commands.o [1]
  .rodata             const    0x0800de20     0x8  commands.o [1]
  .rodata             const    0x0800de28     0x8  commands.o [1]
  .rodata             const    0x0800de30     0x8  commands.o [1]
  .rodata             const    0x0800de38     0x8  commands.o [1]
  .rodata             const    0x0800de40     0x8  commands.o [1]
  .rodata             const    0x0800de48     0x8  commands.o [1]
  .rodata             const    0x0800de50     0x8  commands.o [1]
  .rodata             const    0x0800de58     0x8  commands.o [1]
  .rodata             const    0x0800de60     0x8  commands.o [1]
  .rodata             const    0x0800de68     0x8  commands.o [1]
  .rodata             const    0x0800de70     0x8  commands.o [1]
  .rodata             const    0x0800de78     0x8  commands.o [1]
  .rodata             const    0x0800de80     0x8  commands.o [1]
  .rodata             const    0x0800de88     0x8  commands.o [1]
  .rodata             const    0x0800de90     0x8  commands.o [1]
  .rodata             const    0x0800de98     0x8  commands.o [1]
  .rodata             const    0x0800dea0     0x8  commands.o [1]
  .rodata             const    0x0800dea8     0x8  commands.o [1]
  .rodata             const    0x0800deb0     0x8  commands.o [1]
  .rodata             const    0x0800deb8     0x8  iar_stm32f207zg_sk.o [1]
  .rodata             const    0x0800dec0     0x4  commandTable.o [1]
  .rodata             const    0x0800dec4     0x4  commandTable.o [1]
  .rodata             const    0x0800dec8     0x4  commandTable.o [1]
  .rodata             const    0x0800decc     0x4  commands.o [1]
  .rodata             const    0x0800ded0     0x4  commands.o [1]
  .rodata             const    0x0800ded4     0x4  commands.o [1]
  .rodata             const    0x0800ded8     0x4  commands.o [1]
  .rodata             const    0x0800dedc     0x4  commands.o [1]
  .rodata             const    0x0800dee0     0x4  commands.o [1]
  .text               ro code  0x0800dee4     0x4  startup_stm32f2xx.o [1]
  .text               ro code  0x0800dee8     0x4  startup_stm32f2xx.o [1]
  .text               ro code  0x0800deec     0x4  startup_stm32f2xx.o [1]
  .text               ro code  0x0800def0     0x4  startup_stm32f2xx.o [1]
  .text               ro code  0x0800def4     0x4  startup_stm32f2xx.o [1]
  .text               ro code  0x0800def8     0x4  startup_stm32f2xx.o [1]
  .text               ro code  0x0800defc     0x4  startup_stm32f2xx.o [1]
  .text               ro code  0x0800df00     0x4  startup_stm32f2xx.o [1]
  .text               ro code  0x0800df04     0x4  startup_stm32f2xx.o [1]
  .text               ro code  0x0800df08     0x4  startup_stm32f2xx.o [1]
  .text               ro code  0x0800df0c     0x4  startup_stm32f2xx.o [1]
  .text               ro code  0x0800df10     0x4  startup_stm32f2xx.o [1]
  .text               ro code  0x0800df14     0x4  startup_stm32f2xx.o [1]
  .text               ro code  0x0800df18     0x4  startup_stm32f2xx.o [1]
  .text               ro code  0x0800df1c     0x4  startup_stm32f2xx.o [1]
  .text               ro code  0x0800df20     0x4  startup_stm32f2xx.o [1]
  .text               ro code  0x0800df24     0x4  startup_stm32f2xx.o [1]
  .text               ro code  0x0800df28     0x4  startup_stm32f2xx.o [1]
  .text               ro code  0x0800df2c     0x4  startup_stm32f2xx.o [1]
  .text               ro code  0x0800df30     0x4  startup_stm32f2xx.o [1]
  .text               ro code  0x0800df34     0x4  startup_stm32f2xx.o [1]
  .text               ro code  0x0800df38     0x4  startup_stm32f2xx.o [1]
  .text               ro code  0x0800df3c     0x4  startup_stm32f2xx.o [1]
  .text               ro code  0x0800df40     0x4  startup_stm32f2xx.o [1]
  .text               ro code  0x0800df44     0x4  startup_stm32f2xx.o [1]
  .text               ro code  0x0800df48     0x4  startup_stm32f2xx.o [1]
  .text               ro code  0x0800df4c     0x4  startup_stm32f2xx.o [1]
  .text               ro code  0x0800df50     0x4  startup_stm32f2xx.o [1]
  .text               ro code  0x0800df54     0x4  startup_stm32f2xx.o [1]
  .text               ro code  0x0800df58     0x4  startup_stm32f2xx.o [1]
  .text               ro code  0x0800df5c     0x4  startup_stm32f2xx.o [1]
  .text               ro code  0x0800df60     0x4  startup_stm32f2xx.o [1]
  .text               ro code  0x0800df64     0x4  startup_stm32f2xx.o [1]
  .text               ro code  0x0800df68     0x4  startup_stm32f2xx.o [1]
  .text               ro code  0x0800df6c     0x4  startup_stm32f2xx.o [1]
  .text               ro code  0x0800df70     0x4  startup_stm32f2xx.o [1]
  .text               ro code  0x0800df74     0x4  startup_stm32f2xx.o [1]
  .text               ro code  0x0800df78     0x4  startup_stm32f2xx.o [1]
  .text               ro code  0x0800df7c     0x4  startup_stm32f2xx.o [1]
  .text               ro code  0x0800df80     0x4  startup_stm32f2xx.o [1]
  .text               ro code  0x0800df84     0x4  startup_stm32f2xx.o [1]
  .text               ro code  0x0800df88     0x4  startup_stm32f2xx.o [1]
  .text               ro code  0x0800df8c     0x4  startup_stm32f2xx.o [1]
  .text               ro code  0x0800df90     0x4  startup_stm32f2xx.o [1]
  .text               ro code  0x0800df94     0x4  startup_stm32f2xx.o [1]
  .text               ro code  0x0800df98     0x4  startup_stm32f2xx.o [1]
  .text               ro code  0x0800df9c     0x4  startup_stm32f2xx.o [1]
  .text               ro code  0x0800dfa0     0x4  startup_stm32f2xx.o [1]
  .text               ro code  0x0800dfa4     0x4  startup_stm32f2xx.o [1]
  .text               ro code  0x0800dfa8     0x4  startup_stm32f2xx.o [1]
  .text               ro code  0x0800dfac     0x4  startup_stm32f2xx.o [1]
  .text               ro code  0x0800dfb0     0x4  startup_stm32f2xx.o [1]
  .text               ro code  0x0800dfb4     0x4  startup_stm32f2xx.o [1]
  .text               ro code  0x0800dfb8     0x4  startup_stm32f2xx.o [1]
  .text               ro code  0x0800dfbc     0x4  startup_stm32f2xx.o [1]
  .text               ro code  0x0800dfc0     0x4  startup_stm32f2xx.o [1]
  .text               ro code  0x0800dfc4     0x4  startup_stm32f2xx.o [1]
  .text               ro code  0x0800dfc8     0x4  startup_stm32f2xx.o [1]
  .text               ro code  0x0800dfcc     0x4  startup_stm32f2xx.o [1]
  .text               ro code  0x0800dfd0     0x4  startup_stm32f2xx.o [1]
  .text               ro code  0x0800dfd4     0x4  startup_stm32f2xx.o [1]
  .text               ro code  0x0800dfd8     0x4  startup_stm32f2xx.o [1]
  .text               ro code  0x0800dfdc     0x4  startup_stm32f2xx.o [1]
  .text               ro code  0x0800dfe0     0x4  startup_stm32f2xx.o [1]
  .text               ro code  0x0800dfe4     0x4  startup_stm32f2xx.o [1]
  .text               ro code  0x0800dfe8     0x4  startup_stm32f2xx.o [1]
  .text               ro code  0x0800dfec     0x4  startup_stm32f2xx.o [1]
  .text               ro code  0x0800dff0     0x4  startup_stm32f2xx.o [1]
  .text               ro code  0x0800dff4     0x4  startup_stm32f2xx.o [1]
  .text               ro code  0x0800dff8     0x4  startup_stm32f2xx.o [1]
  .text               ro code  0x0800dffc     0x4  startup_stm32f2xx.o [1]
  .text               ro code  0x0800e000     0x4  startup_stm32f2xx.o [1]
  .text               ro code  0x0800e004     0x4  startup_stm32f2xx.o [1]
  .text               ro code  0x0800e008     0x4  startup_stm32f2xx.o [1]
  .text               ro code  0x0800e00c     0x4  startup_stm32f2xx.o [1]
  .text               ro code  0x0800e010     0x4  startup_stm32f2xx.o [1]
  .text               ro code  0x0800e014     0x4  startup_stm32f2xx.o [1]
  .text               ro code  0x0800e018     0x4  startup_stm32f2xx.o [1]
  .text               ro code  0x0800e01c     0x4  startup_stm32f2xx.o [1]
  .text               ro code  0x0800e020     0x4  startup_stm32f2xx.o [1]
  .text               ro code  0x0800e024     0x4  startup_stm32f2xx.o [1]
  .text               ro code  0x0800e028     0x4  startup_stm32f2xx.o [1]
  .text               ro code  0x0800e02c     0x4  startup_stm32f2xx.o [1]
  .text               ro code  0x0800e030     0x4  startup_stm32f2xx.o [1]
  .rodata             const    0x0800e034     0x0  zero_init3.o [5]
  .rodata             const    0x0800e034     0x0  packbits_init.o [5]
  Initializer bytes   ro data  0x0800e034    0x62  <for P3 s0>
                             - 0x0800e096  0xdf06

"P3", part 1 of 3:                          0x15c
  P3 s0                        0x20000000   0x15c  <Init block>
    __DLIB_PERTHREAD  inited   0x20000000    0x88  localeconv.o [3]
    __DLIB_PERTHREAD  inited   0x20000088    0x74  setlocale.o [3]
    .data             inited   0x200000fc    0x10  iar_stm32f207zg_sk.o [1]
    .data             inited   0x2000010c    0x10  stm32f2xx_rcc.o [1]
    .data             inited   0x2000011c    0x10  system_stm32f2xx.o [1]
    .data             inited   0x2000012c     0x4  commands.o [1]
    .data             inited   0x20000130     0x4  commands.o [1]
    .data             inited   0x20000134     0x4  commands.o [1]
    .data             inited   0x20000138     0x4  commands.o [1]
    .data             inited   0x2000013c     0x4  commands.o [1]
    .data             inited   0x20000140     0x4  commands.o [1]
    .data             inited   0x20000144     0x4  commands.o [1]
    .data             inited   0x20000148     0x4  system_stm32f2xx.o [1]
    .data             inited   0x2000014c     0x4  timer.o [1]
    __DLIB_PERTHREAD  inited   0x20000150     0x4  errno.o [3]
    .data             inited   0x20000154     0x2  SyncTimer.o [1]
    .data             inited   0x20000156     0x2  spi.o [1]
    .data             inited   0x20000158     0x1  commands.o [1]
    .data             inited   0x20000159     0x1  commands.o [1]
    .data             inited   0x2000015a     0x1  commands.o [1]
    .data             inited   0x2000015b     0x1  main.o [1]
                             - 0x2000015c   0x15c

"P3", part 2 of 3:                          0xbdc
  .bss                zero     0x2000015c   0x200  debug_usart.o [1]
  .bss                zero     0x2000035c   0x12c  salvomem.o [6]
  .bss                zero     0x20000488   0x100  commands.o [1]
  .bss                zero     0x20000588   0x100  commands.o [1]
  .bss                zero     0x20000688    0xf0  salvomem.o [6]
  .bss                zero     0x20000778    0xc8  commands.o [1]
  .bss                zero     0x20000840    0x84  commands.o [1]
  .bss                zero     0x200008c4    0x84  commands.o [1]
  .bss                zero     0x20000948    0x84  commands.o [1]
  .bss                zero     0x200009cc    0x84  commands.o [1]
  .bss                zero     0x20000a50    0x84  commands.o [1]
  .bss                zero     0x20000ad4    0x84  commands.o [1]
  .bss                zero     0x20000b58    0x80  commands.o [1]
  .bss                zero     0x20000bd8    0x80  debug_usart.o [1]
  .bss                zero     0x20000c58    0x50  commandLine.o [1]
  .bss                zero     0x20000ca8    0x10  debug_usart.o [1]
  .bss                zero     0x20000cb8    0x10  debug_usart.o [1]
  .bss                zero     0x20000cc8     0x8  commands.o [1]
  .bss                zero     0x20000cd0     0x4  SyncTimer.o [1]
  .bss                zero     0x20000cd4     0x4  SyncTimer.o [1]
  .bss                zero     0x20000cd8     0x4  SyncTimer.o [1]
  .bss                zero     0x20000cdc     0x4  commandLine.o [1]
  .bss                zero     0x20000ce0     0x4  commandLine.o [1]
  .bss                zero     0x20000ce4     0x4  commands.o [1]
  .bss                zero     0x20000ce8     0x4  commands.o [1]
  .bss                zero     0x20000cec     0x4  commands.o [1]
  .bss                zero     0x20000cf0     0x4  commands.o [1]
  .bss                zero     0x20000cf4     0x4  salvohook_interrupt.o [1]
  .bss                zero     0x20000cf8     0x4  spi.o [1]
  .bss                zero     0x20000cfc     0x4  timer.o [1]
  .bss                zero     0x20000d00     0x4  salvomem.o [6]
  .bss                zero     0x20000d04     0x4  salvomem.o [6]
  .bss                zero     0x20000d08     0x4  salvomem.o [6]
  .bss                zero     0x20000d0c     0x4  salvomem.o [6]
  .bss                zero     0x20000d10     0x4  salvomem.o [6]
  .bss                zero     0x20000d14     0x4  salvomem.o [6]
  .bss                zero     0x20000d18     0x4  salvomem.o [6]
  .bss                zero     0x20000d1c     0x2  SyncTimer.o [1]
  .bss                zero     0x20000d1e     0x2  commandLine.o [1]
  .bss                zero     0x20000d20     0x2  commands.o [1]
  .bss                zero     0x20000d22     0x2  commands.o [1]
  .bss                zero     0x20000d24     0x1  SyncTimer.o [1]
  .bss                zero     0x20000d25     0x1  SyncTimer.o [1]
  .bss                zero     0x20000d26     0x1  SyncTimer.o [1]
  .bss                zero     0x20000d27     0x1  SyncTimer.o [1]
  .bss                zero     0x20000d28     0x1  SyncTimer.o [1]
  .bss                zero     0x20000d29     0x1  commands.o [1]
  .bss                zero     0x20000d2a     0x1  commands.o [1]
  .bss                zero     0x20000d2b     0x1  commands.o [1]
  .bss                zero     0x20000d2c     0x1  commands.o [1]
  .bss                zero     0x20000d2d     0x1  commands.o [1]
  .bss                zero     0x20000d2e     0x1  commands.o [1]
  .bss                zero     0x20000d2f     0x1  main.o [1]
  .bss                zero     0x20000d30     0x1  salvomem.o [6]
                             - 0x20000d31   0xbd5

"P3", part 3 of 3:                          0x800
  CSTACK                       0x20000d38   0x800  <Block>
    CSTACK            uninit   0x20000d38   0x800  <Block tail>
                             - 0x20001538   0x800


*******************************************************************************
*** INIT TABLE
***

          Address     Size
          -------     ----
Zero (__iar_zero_init3)
    1 destination range, total size 0xbd5:
          0x2000015c  0xbd5

Copy/packbits (__iar_packbits_init3)
    1 source range, total size 0x62 (28% of destination):
          0x0800e034   0x62
    1 destination range, total size 0x15c:
          0x20000000  0x15c



*******************************************************************************
*** MODULE SUMMARY
***

    Module                   ro code  ro data  rw data
    ------                   -------  -------  -------
E:\GitHub\SPI_Master\spi_master\Trunk\iar\Debug\Obj: [1]
    ConfigureGPIOPins.o          312
    SyncTimer.o                  456        1       21
    UserCommunication_SPI.o      132
    bsp.o                        218
    circbuf.o                    154
    commandLine.o                456       56       90
    commandTable.o                      9 483
    commands.o                22 092    3 445    1 697
    debug.o                      400
    debug_usart.o                612               672
    iar_stm32f207zg_sk.o         152       29       16
    main.o                       344       45        2
    misc.o                       124
    salvohook_idle.o               2
    salvohook_interrupt.o         44                 4
    salvohook_wdt.o                2
    spi.o                      2 096                 6
    startup_stm32f2xx.o          752
    stm32f2xx_exti.o             180
    stm32f2xx_flash.o            140
    stm32f2xx_gpio.o             292
    stm32f2xx_rcc.o              872        4       16
    stm32f2xx_spi.o              254
    stm32f2xx_syscfg.o            84
    stm32f2xx_tim.o              440
    stm32f2xx_usart.o            412
    system_stm32f2xx.o           600        6       20
    timer.o                      224        1        8
    utilities.o                  238
    --------------------------------------------------
    Total:                    32 084   13 070    2 552

command line: [2]
    --------------------------------------------------
    Total:

dl7M_tlf.a: [3]
    abort.o                        6
    abs.o                          8
    atoi.o                         8
    errno.o                       12        1        4
    exit.o                         4
    isxxx.o                       40
    localeconv.o                 108       38      136
    low_level_init.o               4
    setlocale.o                   24       32      116
    sprintf.o                     52
    tolower.o                     20
    xlocale_c.o                   54
    xprintftiny.o                350
    xsprout.o                     10
    xstoflt.o                    444
    xstopfx.o                    308
    xstoul.o                     364
    xstoxflt.o                   520
    xtls.o                         2
    --------------------------------------------------
    Total:                     2 338       71      256

m7M_tl.a: [4]
    DblAdd.o                     232
    DblCmpEq.o                    32
    DblCmpGe.o                    46
    DblCmpLe.o                    46
    DblDiv.o                     582
    DblMul.o                     418
    DblSub.o                     384
    DblToFlt.o                   144
    DblToI32.o                    76
    FltAdd.o                     116
    FltCmpGe.o                    36
    FltCmpLe.o                    36
    FltMul.o                     216
    FltSub.o                     230
    FltToDbl.o                    78
    FltToS32.o                    68
    I32ToDbl.o                    44
    I32ToFlt.o                    50
    atof.o                         8
    pow.o                      2 144
    xdint.o                      126
    xdnorm.o                      66
    xdscale.o                    268
    xdtento.o                    456
    xdtest.o                      50
    xdunscal.o                    86
    xexp.o                       676
    xlog.o                       168
    xstod.o                      320
    --------------------------------------------------
    Total:                     7 202

rt7M_tl.a: [5]
    ABImemclr4.o                   6
    ABImemcpy.o                  118
    ABImemset.o                  102
    ABImemset48.o                 50
    cexit.o                       10
    cmain.o                       22
    cstartup_M.o                  12
    data_init.o                   40
    memchr.o                      88
    packbits_init.o              176
    strcmp.o                      66
    strlen.o                      54
    zero_init3.o                  34
    --------------------------------------------------
    Total:                       778

salvo.a: [6]
    salvobinsem.o                208
    salvodelay.o                 132
    salvoevent.o                 300
    salvoinit.o                   72
    salvoinit2.o                 122
    salvomem.o                                     569
    salvoportiararm.o            108
    salvoqdel.o                  160
    salvoqins.o                  172
    salvosched.o                 536
    salvotimer.o                  44
    --------------------------------------------------
    Total:                     1 854               569

shb_l.a: [7]
    exit.o                        20
    --------------------------------------------------
    Total:                        20

    Gaps                          27        6
    Linker created                         44    2 048
------------------------------------------------------
    Grand Total:              44 303   13 191    5 425


*******************************************************************************
*** ENTRY LIST
***

Entry                      Address   Size  Type      Object
-----                      -------   ----  ----      ------
?main                   0x0800d85d         Code  Gb  cmain.o [5]
ADC_IRQHandler          0x0800df49         Code  Wk  startup_stm32f2xx.o [1]
AHBPrescTable           0x2000011c   0x10  Data  Gb  system_stm32f2xx.o [1]
APBAHBPrescTable        0x2000010c   0x10  Data  Lc  stm32f2xx_rcc.o [1]
BSP_init                0x08007299   0x28  Code  Gb  bsp.o [1]
BurstReadFromRegisters  0x0800656d   0xc4  Code  Gb  spi.o [1]
BusFault_Handler        0x0800def1         Code  Wk  startup_stm32f2xx.o [1]
CAN1_RX0_IRQHandler     0x0800df51         Code  Wk  startup_stm32f2xx.o [1]
CAN1_RX1_IRQHandler     0x0800df55         Code  Wk  startup_stm32f2xx.o [1]
CAN1_SCE_IRQHandler     0x0800df59         Code  Wk  startup_stm32f2xx.o [1]
CAN1_TX_IRQHandler      0x0800df4d         Code  Wk  startup_stm32f2xx.o [1]
CAN2_RX0_IRQHandler     0x0800dff1         Code  Wk  startup_stm32f2xx.o [1]
CAN2_RX1_IRQHandler     0x0800dff5         Code  Wk  startup_stm32f2xx.o [1]
CAN2_SCE_IRQHandler     0x0800dff9         Code  Wk  startup_stm32f2xx.o [1]
CAN2_TX_IRQHandler      0x0800dfed         Code  Wk  startup_stm32f2xx.o [1]
CRYP_IRQHandler         0x0800e02d         Code  Wk  startup_stm32f2xx.o [1]
CSTACK$$Base            0x20000d38          --   Gb  - Linker created -
CSTACK$$Limit           0x20001538          --   Gb  - Linker created -
CircBufEmpty            0x08009237   0x12  Code  Gb  circbuf.o [1]
CircBufGet              0x08009201   0x36  Code  Gb  circbuf.o [1]
CircBufInit             0x080091af   0x22  Code  Gb  circbuf.o [1]
CircBufPut              0x080091d1   0x30  Code  Gb  circbuf.o [1]
CmdBlinkLED             0x08001fb1   0x7e  Code  Gb  commands.o [1]
CmdGpioPin              0x080002e5   0xb8  Code  Gb  commands.o [1]
CmdInitSPIPeripheral    0x0800202f    0xa  Code  Gb  commands.o [1]
CmdLineGetArgFloat      0x08006067   0x2c  Code  Gb  commandLine.o [1]
CmdLineGetArgInt        0x08006017   0x28  Code  Gb  commandLine.o [1]
CmdLineGetArgString     0x08005ff5   0x22  Code  Gb  commandLine.o [1]
CmdLineGetArgUInt       0x0800603f   0x28  Code  Gb  commandLine.o [1]
CmdLineLookup           0x08005fa3   0x38  Code  Gb  commandLine.o [1]
CmdPrintPrompt          0x08005f7d   0x1e  Code  Lc  commandLine.o [1]
CmdSpeed                0x080052ed   0xd6  Code  Gb  commands.o [1]
CmdUserSpiTestSequence01
                        0x08001ebd   0xe2  Code  Gb  commands.o [1]
CmdUserSpi_ATP_Process  0x080003a5  0x284  Code  Gb  commands.o [1]
CmdUserSpi_BootLoad     0x08005667   0x66  Code  Gb  commands.o [1]
CmdUserSpi_BootReset    0x0800565d    0xa  Code  Gb  commands.o [1]
CmdUserSpi_BootStatus   0x0800563d   0x1c  Code  Gb  commands.o [1]
CmdUserSpi_BurstForLowGainAHRS
                        0x080023c9  0x118  Code  Gb  commands.o [1]
CmdUserSpi_BurstRead    0x08000ed5   0x70  Code  Gb  commands.o [1]
CmdUserSpi_BurstRead2   0x08000f51   0x68  Code  Gb  commands.o [1]
CmdUserSpi_BurstRead_A1
                        0x08002521  0x452  Code  Gb  commands.o [1]
CmdUserSpi_BurstRead_F2
                        0x080021a1  0x202  Code  Gb  commands.o [1]
CmdUserSpi_BurstRead_S0
                        0x08000fd9   0x66  Code  Gb  commands.o [1]
CmdUserSpi_BurstRead_S1
                        0x08001055   0x66  Code  Gb  commands.o [1]
CmdUserSpi_BurstRegs    0x08000dfd   0xc6  Code  Gb  commands.o [1]
CmdUserSpi_CyclePower   0x08005155  0x150  Code  Gb  commands.o [1]
CmdUserSpi_CycleTest    0x08005049   0xe0  Code  Gb  commands.o [1]
CmdUserSpi_DisplayConverted
                        0x08004491   0x18  Code  Gb  commands.o [1]
CmdUserSpi_DisplayHex   0x080044b5   0x18  Code  Gb  commands.o [1]
CmdUserSpi_DontWaitForDRDY
                        0x0800540f    0x8  Code  Gb  commands.o [1]
CmdUserSpi_FreqRatio    0x08004549   0x34  Code  Gb  commands.o [1]
CmdUserSpi_GetAccels    0x080013e5  0x134  Code  Gb  commands.o [1]
CmdUserSpi_GetBoardTemp
                        0x0800129d  0x106  Code  Gb  commands.o [1]
CmdUserSpi_GetRates     0x08001539  0x1aa  Code  Gb  commands.o [1]
CmdUserSpi_GetSensorValues
                        0x08001711  0x1aa  Code  Gb  commands.o [1]
CmdUserSpi_HoldChipSelect
                        0x080044d5   0x16  Code  Gb  commands.o [1]
CmdUserSpi_IndraTesting
                        0x08002d3d  0x93e  Code  Gb  commands.o [1]
CmdUserSpi_MagAlign     0x08002a29  0x2a2  Code  Gb  commands.o [1]
CmdUserSpi_ReadRegister
                        0x08001919  0x24e  Code  Gb  commands.o [1]
CmdUserSpi_ReadRegisterHex
                        0x08001b85  0x1c2  Code  Gb  commands.o [1]
CmdUserSpi_ReadRegisterHex2
                        0x08002059  0x142  Code  Gb  commands.o [1]
CmdUserSpi_SelfTest     0x08000c3d  0x1b2  Code  Gb  commands.o [1]
CmdUserSpi_SpeedTest    0x080018cd   0x20  Code  Gb  commands.o [1]
CmdUserSpi_SyncOff      0x08004529   0x16  Code  Gb  commands.o [1]
CmdUserSpi_SyncOn       0x0800450b   0x16  Code  Gb  commands.o [1]
CmdUserSpi_ToggleChipSelect
                        0x080044f5   0x16  Code  Gb  commands.o [1]
CmdUserSpi_WaitForDRDY  0x08005407    0x8  Code  Gb  commands.o [1]
CmdUserSpi_WhoAmI       0x08001d9d  0x11c  Code  Gb  commands.o [1]
CmdUserSpi_WriteRegister
                        0x08001d51   0x48  Code  Gb  commands.o [1]
CmdUserSpi_burstReadSwitch
                        0x080029ad   0x4e  Code  Gb  commands.o [1]
CmdUserSpi_jdInitProcess
                        0x08000629  0x60a  Code  Gb  commands.o [1]
CmdUserUsart            0x080002a5   0x40  Code  Gb  commands.o [1]
CmdVersion              0x08000191   0x32  Code  Gb  commands.o [1]
DCMI_IRQHandler         0x0800e029         Code  Wk  startup_stm32f2xx.o [1]
DMA1_Stream0_IRQHandler
                        0x0800df2d         Code  Wk  startup_stm32f2xx.o [1]
DMA1_Stream1_IRQHandler
                        0x0800df31         Code  Wk  startup_stm32f2xx.o [1]
DMA1_Stream2_IRQHandler
                        0x0800df35         Code  Wk  startup_stm32f2xx.o [1]
DMA1_Stream3_IRQHandler
                        0x0800df39         Code  Wk  startup_stm32f2xx.o [1]
DMA1_Stream4_IRQHandler
                        0x0800df3d         Code  Wk  startup_stm32f2xx.o [1]
DMA1_Stream5_IRQHandler
                        0x0800df41         Code  Wk  startup_stm32f2xx.o [1]
DMA1_Stream6_IRQHandler
                        0x0800df45         Code  Wk  startup_stm32f2xx.o [1]
DMA1_Stream7_IRQHandler
                        0x0800dfb5         Code  Wk  startup_stm32f2xx.o [1]
DMA2_Stream0_IRQHandler
                        0x0800dfd1         Code  Wk  startup_stm32f2xx.o [1]
DMA2_Stream1_IRQHandler
                        0x0800dfd5         Code  Wk  startup_stm32f2xx.o [1]
DMA2_Stream2_IRQHandler
                        0x0800dfd9         Code  Wk  startup_stm32f2xx.o [1]
DMA2_Stream3_IRQHandler
                        0x0800dfdd         Code  Wk  startup_stm32f2xx.o [1]
DMA2_Stream4_IRQHandler
                        0x0800dfe1         Code  Wk  startup_stm32f2xx.o [1]
DMA2_Stream5_IRQHandler
                        0x0800e001         Code  Wk  startup_stm32f2xx.o [1]
DMA2_Stream6_IRQHandler
                        0x0800e005         Code  Wk  startup_stm32f2xx.o [1]
DMA2_Stream7_IRQHandler
                        0x0800e009         Code  Wk  startup_stm32f2xx.o [1]
DataReadyContinueFlag   0x20000d2d    0x1  Data  Lc  commands.o [1]
DebugFlag               0x2000015a    0x1  Data  Lc  commands.o [1]
DebugMon_Handler        0x0800defd         Code  Wk  startup_stm32f2xx.o [1]
DebugPrintEndline       0x0800589f    0xa  Code  Gb  debug.o [1]
DebugPrintFloat         0x0800580d   0x92  Code  Gb  debug.o [1]
DebugPrintHex           0x080057ef   0x1e  Code  Gb  debug.o [1]
DebugPrintInt           0x080057d1   0x1e  Code  Gb  debug.o [1]
DebugPrintString        0x080057b1   0x20  Code  Gb  debug.o [1]
DebugSerialPutChar      0x08007fc3   0x26  Code  Gb  debug_usart.o [1]
DebugSerialReadLine     0x08007ef1   0xc8  Code  Gb  debug_usart.o [1]
DelayMs                 0x080069f3   0x10  Code  Gb  timer.o [1]
DelayTime               0x20000130    0x4  Data  Lc  commands.o [1]
ETH_IRQHandler          0x0800dfe5         Code  Wk  startup_stm32f2xx.o [1]
ETH_WKUP_IRQHandler     0x0800dfe9         Code  Wk  startup_stm32f2xx.o [1]
EXTI0_IRQHandler        0x0800df1d         Code  Wk  startup_stm32f2xx.o [1]
EXTI15_10_IRQHandler    0x08000289   0x1c  Code  Gb  commands.o [1]
EXTI1_IRQHandler        0x0800df21         Code  Wk  startup_stm32f2xx.o [1]
EXTI2_IRQHandler        0x0800df25         Code  Wk  startup_stm32f2xx.o [1]
EXTI3_IRQHandler        0x0800026d   0x1c  Code  Gb  commands.o [1]
EXTI4_IRQHandler        0x0800df29         Code  Wk  startup_stm32f2xx.o [1]
EXTI9_5_IRQHandler      0x0800df5d         Code  Wk  startup_stm32f2xx.o [1]
EXTI_ClearITPendingBit  0x08005e67    0x6  Code  Gb  stm32f2xx_exti.o [1]
EXTI_Init               0x08005dcd   0x88  Code  Gb  stm32f2xx_exti.o [1]
EXTI_StructInit         0x08005e55   0x12  Code  Gb  stm32f2xx_exti.o [1]
ElapsedTime_sec         0x20000cd0    0x4  Data  Gb  SyncTimer.o [1]
ElapsedTime_usec        0x20000cd4    0x4  Data  Gb  SyncTimer.o [1]
FLASH_DataCacheCmd      0x08008761   0x2a  Code  Gb  stm32f2xx_flash.o [1]
FLASH_IRQHandler        0x0800df15         Code  Wk  startup_stm32f2xx.o [1]
FLASH_InstructionCacheCmd
                        0x08008737   0x2a  Code  Gb  stm32f2xx_flash.o [1]
FLASH_PrefetchBufferCmd
                        0x0800870d   0x2a  Code  Gb  stm32f2xx_flash.o [1]
FLASH_SetLatency        0x08008705    0x8  Code  Gb  stm32f2xx_flash.o [1]
FSMC_IRQHandler         0x0800dfb9         Code  Wk  startup_stm32f2xx.o [1]
GPIO_CLK                0x0800db6c   0x10  Data  Gb  iar_stm32f207zg_sk.o [1]
GPIO_Init               0x08005ca9   0xaa  Code  Gb  stm32f2xx_gpio.o [1]
GPIO_PIN                0x0800deb8    0x8  Data  Gb  iar_stm32f207zg_sk.o [1]
GPIO_PORT               0x200000fc   0x10  Data  Gb  iar_stm32f207zg_sk.o [1]
GPIO_PinAFConfig        0x08005d73   0x5a  Code  Gb  stm32f2xx_gpio.o [1]
GPIO_ResetBits          0x08005d6f    0x4  Code  Gb  stm32f2xx_gpio.o [1]
GPIO_SetBits            0x08005d6b    0x4  Code  Gb  stm32f2xx_gpio.o [1]
GPIO_StructInit         0x08005d53   0x18  Code  Gb  stm32f2xx_gpio.o [1]
GPIO_config             0x080072c1    0xa  Code  Gb  bsp.o [1]
GetSysTime              0x08006a2d    0x6  Code  Gb  timer.o [1]
HASH_RNG_IRQHandler     0x0800e031         Code  Wk  startup_stm32f2xx.o [1]
HardFault_Handler       0x0800dee9         Code  Wk  startup_stm32f2xx.o [1]
I2C1_ER_IRQHandler      0x0800df81         Code  Wk  startup_stm32f2xx.o [1]
I2C1_EV_IRQHandler      0x0800df7d         Code  Wk  startup_stm32f2xx.o [1]
I2C2_ER_IRQHandler      0x0800df89         Code  Wk  startup_stm32f2xx.o [1]
I2C2_EV_IRQHandler      0x0800df85         Code  Wk  startup_stm32f2xx.o [1]
I2C3_ER_IRQHandler      0x0800e015         Code  Wk  startup_stm32f2xx.o [1]
I2C3_EV_IRQHandler      0x0800e011         Code  Wk  startup_stm32f2xx.o [1]
InStream_Read           0x0800bf79   0x22  Code  Lc  packbits_init.o [5]
InitCommandLine         0x08005f9b    0x8  Code  Gb  commandLine.o [1]
InitCommunication_UserSPI
                        0x08007357   0x66  Code  Gb  UserCommunication_SPI.o [1]
InitDebugSerialCommunication
                        0x08007fe9   0xe6  Code  Gb  debug_usart.o [1]
InitGPIOPin_DataReady   0x0800b1d9   0x3a  Code  Gb  ConfigureGPIOPins.o [1]
InitGPIOPin_Ex          0x0800b24b   0x62  Code  Gb  ConfigureGPIOPins.o [1]
InitGPIOPin_SharedCommunication
                        0x0800b2ad   0x4e  Code  Gb  ConfigureGPIOPins.o [1]
InitGPIOPin_Sync        0x0800b213   0x38  Code  Gb  ConfigureGPIOPins.o [1]
InitSystemTimer         0x08006a19   0x14  Code  Gb  timer.o [1]
InitTimer_TIM5          0x08007ced   0xa2  Code  Gb  SyncTimer.o [1]
IsDebugSerialIdle       0x08007fb9    0xa  Code  Gb  debug_usart.o [1]
MemManage_Handler       0x0800deed         Code  Wk  startup_stm32f2xx.o [1]
NMI_Handler             0x0800dee5         Code  Wk  startup_stm32f2xx.o [1]
NVIC_Init               0x08005ed5   0x6a  Code  Gb  misc.o [1]
NVIC_SetPriority        0x08006975   0x22  Code  Lc  timer.o [1]
ODR_Hz                  0x20000134    0x4  Data  Lc  commands.o [1]
OSClrWDTHook            0x0800aa31    0x2  Code  Gb  salvohook_wdt.o [1]
OSCreateBinSem          0x080093e5   0x20  Code  Gb  salvobinsem.o [6]
OSCreateTask            0x0800b359   0x54  Code  Gb  salvoinit2.o [6]
OSCtxSw                 0x0800aa61         Code  Gb  salvoportiararm.o [6]
OSDelDelayQ             0x0800a293   0x50  Code  Gb  salvoqdel.o [6]
OSDelPrioQ              0x0800a249   0x4a  Code  Gb  salvoqdel.o [6]
OSDelay                 0x0800b3d5   0x84  Code  Gb  salvodelay.o [6]
OSDisableHook           0x08005f51    0xe  Code  Gb  salvohook_interrupt.o [1]
OSDispatch              0x0800aa35         Code  Gb  salvoportiararm.o [6]
OSEnableHook            0x08005f61   0x16  Code  Gb  salvohook_interrupt.o [1]
OSIdlingHook            0x0800aaa1    0x2  Code  Gb  salvohook_idle.o [1]
OSInit                  0x0800b311   0x48  Code  Gb  salvoinit.o [6]
OSInitPrioTask          0x0800b3b5   0x1e  Code  Gb  salvoinit2.o [6]
OSInsDelayQ             0x0800a32d   0x62  Code  Gb  salvoqins.o [6]
OSInsPrioQ              0x0800a2e9   0x44  Code  Gb  salvoqins.o [6]
OSReturn                0x0800aa93         Code  Gb  salvoportiararm.o [6]
OSSched                 0x0800a819  0x218  Code  Gb  salvosched.o [6]
OSSignalBinSem          0x0800943d   0x6e  Code  Gb  salvobinsem.o [6]
OSTimer                 0x08008425   0x2c  Code  Gb  salvotimer.o [6]
OSWaitBinSem            0x08009405   0x38  Code  Gb  salvobinsem.o [6]
OSWaitEvent             0x0800994d  0x12c  Code  Gb  salvoevent.o [6]
OScTcbP                 0x20000d00    0x4  Data  Gb  salvomem.o [6]
OSdelayQP               0x20000d10    0x4  Data  Gb  salvomem.o [6]
OSecbArea               0x2000035c  0x12c  Data  Gb  salvomem.o [6]
OSeligQP                0x20000d04    0x4  Data  Gb  salvomem.o [6]
OSframeP                0x20000d18    0x4  Data  Gb  salvomem.o [6]
OSlostTicks             0x20000d30    0x1  Data  Gb  salvomem.o [6]
OSsigQinP               0x20000d08    0x4  Data  Gb  salvomem.o [6]
OSsigQoutP              0x20000d0c    0x4  Data  Gb  salvomem.o [6]
OStcbArea               0x20000688   0xf0  Data  Gb  salvomem.o [6]
OStimerTicks            0x20000d14    0x4  Data  Gb  salvomem.o [6]
OTG_FS_IRQHandler       0x0800dffd         Code  Wk  startup_stm32f2xx.o [1]
OTG_FS_WKUP_IRQHandler  0x0800dfa1         Code  Wk  startup_stm32f2xx.o [1]
OTG_HS_EP1_IN_IRQHandler
                        0x0800e01d         Code  Wk  startup_stm32f2xx.o [1]
OTG_HS_EP1_OUT_IRQHandler
                        0x0800e019         Code  Wk  startup_stm32f2xx.o [1]
OTG_HS_IRQHandler       0x0800e025         Code  Wk  startup_stm32f2xx.o [1]
OTG_HS_WKUP_IRQHandler  0x0800e021         Code  Wk  startup_stm32f2xx.o [1]
PVD_IRQHandler          0x0800df09         Code  Wk  startup_stm32f2xx.o [1]
PendSV_Handler          0x0800df01         Code  Wk  startup_stm32f2xx.o [1]
RCC_AHB1PeriphClockCmd  0x08005b79   0x1e  Code  Gb  stm32f2xx_rcc.o [1]
RCC_APB1PeriphClockCmd  0x08005b97   0x1e  Code  Gb  stm32f2xx_rcc.o [1]
RCC_APB1PeriphResetCmd  0x08005bd3   0x1e  Code  Gb  stm32f2xx_rcc.o [1]
RCC_APB2PeriphClockCmd  0x08005bb5   0x1e  Code  Gb  stm32f2xx_rcc.o [1]
RCC_APB2PeriphResetCmd  0x08005bf1   0x1e  Code  Gb  stm32f2xx_rcc.o [1]
RCC_DeInit              0x08005941   0x4e  Code  Gb  stm32f2xx_rcc.o [1]
RCC_GetClocksFreq       0x08005a79  0x100  Code  Gb  stm32f2xx_rcc.o [1]
RCC_GetFlagStatus       0x08005c0f   0x50  Code  Gb  stm32f2xx_rcc.o [1]
RCC_GetSYSCLKSource     0x08005a23    0xc  Code  Gb  stm32f2xx_rcc.o [1]
RCC_HCLKConfig          0x08005a2f   0x18  Code  Gb  stm32f2xx_rcc.o [1]
RCC_HSEConfig           0x0800598f   0x10  Code  Gb  stm32f2xx_rcc.o [1]
RCC_IRQHandler          0x0800df19         Code  Wk  startup_stm32f2xx.o [1]
RCC_PCLK1Config         0x08005a47   0x18  Code  Gb  stm32f2xx_rcc.o [1]
RCC_PCLK2Config         0x08005a5f   0x1a  Code  Gb  stm32f2xx_rcc.o [1]
RCC_PLLCmd              0x08005a01    0xa  Code  Gb  stm32f2xx_rcc.o [1]
RCC_PLLConfig           0x080059df   0x22  Code  Gb  stm32f2xx_rcc.o [1]
RCC_SYSCLKConfig        0x08005a0b   0x18  Code  Gb  stm32f2xx_rcc.o [1]
RCC_WaitForHSEStartUp   0x0800599f   0x40  Code  Gb  stm32f2xx_rcc.o [1]
RCC_config              0x080072cb   0x7e  Code  Gb  bsp.o [1]
RTC_Alarm_IRQHandler    0x0800df9d         Code  Wk  startup_stm32f2xx.o [1]
RTC_WKUP_IRQHandler     0x0800df11         Code  Wk  startup_stm32f2xx.o [1]
ReadFromRegister        0x080068b9   0x96  Code  Gb  spi.o [1]
ReadFromRegisters       0x080063e5   0xd4  Code  Gb  spi.o [1]
ReadFromRegisters_noChipSelect
                        0x080064b9   0xb4  Code  Gb  spi.o [1]
Region$$Table$$Base     0x0800d3a4          --   Gb  - Linker created -
Region$$Table$$Limit    0x0800d3d0          --   Gb  - Linker created -
Reset_Handler           0x0800db7d         Code  Wk  startup_stm32f2xx.o [1]
RxWord                  0x20000488  0x100  Data  Lc  commands.o [1]
SDIO_IRQHandler         0x0800dfbd         Code  Wk  startup_stm32f2xx.o [1]
SPI1_IRQHandler         0x0800df8d         Code  Wk  startup_stm32f2xx.o [1]
SPI2_IRQHandler         0x0800df91         Code  Wk  startup_stm32f2xx.o [1]
SPI3_IRQHandler         0x0800631f    0xc  Code  Gb  spi.o [1]
SPI_Cmd                 0x080083ef   0x1c  Code  Gb  stm32f2xx_spi.o [1]
SPI_I2S_DeInit          0x08008325   0x58  Code  Gb  stm32f2xx_spi.o [1]
SPI_I2S_GetFlagStatus   0x0800840b   0x18  Code  Gb  stm32f2xx_spi.o [1]
SPI_Init                0x0800837d   0x40  Code  Gb  stm32f2xx_spi.o [1]
SPI_StructInit          0x080083c9   0x26  Code  Gb  stm32f2xx_spi.o [1]
SPI_baddata_test5       0x08004b8d  0x186  Code  Gb  commands.o [1]
STM_EVAL_LEDInit        0x0800866d   0x44  Code  Gb  iar_stm32f207zg_sk.o [1]
STM_EVAL_LEDOff         0x080086c5   0x14  Code  Gb  iar_stm32f207zg_sk.o [1]
STM_EVAL_LEDOn          0x080086b1   0x14  Code  Gb  iar_stm32f207zg_sk.o [1]
STM_EVAL_LEDToggle      0x080086d9   0x20  Code  Gb  iar_stm32f207zg_sk.o [1]
SVC_Handler             0x0800def9         Code  Wk  startup_stm32f2xx.o [1]
SYSCFG_EXTILineConfig   0x08005e81   0x50  Code  Gb  stm32f2xx_syscfg.o [1]
SendBlock               0x08006779  0x140  Code  Gb  spi.o [1]
SendCommand             0x080066bb   0xbe  Code  Gb  spi.o [1]
SetSysClock             0x08008891  0x11e  Code  Lc  system_stm32f2xx.o [1]
SysTick_Config          0x08006997   0x32  Code  Lc  timer.o [1]
SysTick_Handler         0x080069c9   0x2a  Code  Gb  timer.o [1]
SystemCoreClock         0x20000148    0x4  Data  Gb  system_stm32f2xx.o [1]
SystemCoreClockUpdate   0x080087d7   0xba  Code  Gb  system_stm32f2xx.o [1]
SystemInit              0x08008791   0x46  Code  Gb  system_stm32f2xx.o [1]
TAMP_STAMP_IRQHandler   0x0800df0d         Code  Wk  startup_stm32f2xx.o [1]
TIM1_BRK_TIM9_IRQHandler
                        0x0800df61         Code  Wk  startup_stm32f2xx.o [1]
TIM1_CC_IRQHandler      0x0800df6d         Code  Wk  startup_stm32f2xx.o [1]
TIM1_TRG_COM_TIM11_IRQHandler
                        0x0800df69         Code  Wk  startup_stm32f2xx.o [1]
TIM1_UP_TIM10_IRQHandler
                        0x0800df65         Code  Wk  startup_stm32f2xx.o [1]
TIM2_IRQHandler         0x0800df71         Code  Wk  startup_stm32f2xx.o [1]
TIM3_IRQHandler         0x0800df75         Code  Wk  startup_stm32f2xx.o [1]
TIM4_IRQHandler         0x0800df79         Code  Wk  startup_stm32f2xx.o [1]
TIM5_IRQHandler         0x08007d8f   0xdc  Code  Gb  SyncTimer.o [1]
TIM5_UpdateTimerTop     0x08007e6b    0xe  Code  Gb  SyncTimer.o [1]
TIM6_DAC_IRQHandler     0x0800dfc9         Code  Wk  startup_stm32f2xx.o [1]
TIM7_IRQHandler         0x0800dfcd         Code  Wk  startup_stm32f2xx.o [1]
TIM8_BRK_TIM12_IRQHandler
                        0x0800dfa5         Code  Wk  startup_stm32f2xx.o [1]
TIM8_CC_IRQHandler      0x0800dfb1         Code  Wk  startup_stm32f2xx.o [1]
TIM8_TRG_COM_TIM14_IRQHandler
                        0x0800dfad         Code  Wk  startup_stm32f2xx.o [1]
TIM8_UP_TIM13_IRQHandler
                        0x0800dfa9         Code  Wk  startup_stm32f2xx.o [1]
TIM_Cmd                 0x08009007   0x1c  Code  Gb  stm32f2xx_tim.o [1]
TIM_GetITStatus         0x08009107   0x32  Code  Gb  stm32f2xx_tim.o [1]
TIM_ITConfig            0x080090f1   0x16  Code  Gb  stm32f2xx_tim.o [1]
TIM_OC1Init             0x08009023   0x7e  Code  Gb  stm32f2xx_tim.o [1]
TIM_OC1PreloadConfig    0x080090df   0x12  Code  Gb  stm32f2xx_tim.o [1]
TIM_OCStructInit        0x080090bd   0x22  Code  Gb  stm32f2xx_tim.o [1]
TIM_SetCounter          0x08009003    0x4  Code  Gb  stm32f2xx_tim.o [1]
TIM_TimeBaseInit        0x08008f81   0x6a  Code  Gb  stm32f2xx_tim.o [1]
TIM_TimeBaseStructInit  0x08008feb   0x18  Code  Gb  stm32f2xx_tim.o [1]
TaskCommandLine         0x0800b175   0x26  Code  Gb  main.o [1]
TaskHeartbeat           0x0800b139   0x3c  Code  Gb  main.o [1]
TimeNow                 0x08006a03    0x6  Code  Gb  timer.o [1]
TimePassed              0x08006a09   0x10  Code  Gb  timer.o [1]
ToggleSyncPin           0x20000d24    0x1  Data  Gb  SyncTimer.o [1]
ToogleCSFlag            0x20000d2e    0x1  Data  Lc  commands.o [1]
TotalTests              0x2000012c    0x4  Data  Lc  commands.o [1]
TotalWords              0x20000d2a    0x1  Data  Lc  commands.o [1]
UART4_IRQHandler        0x0800dfc1         Code  Wk  startup_stm32f2xx.o [1]
UART5_IRQHandler        0x0800dfc5         Code  Wk  startup_stm32f2xx.o [1]
USART1_IRQHandler       0x080080cf   0x64  Code  Gb  debug_usart.o [1]
USART2_IRQHandler       0x0800df95         Code  Wk  startup_stm32f2xx.o [1]
USART3_IRQHandler       0x0800df99         Code  Wk  startup_stm32f2xx.o [1]
USART6_IRQHandler       0x0800e00d         Code  Wk  startup_stm32f2xx.o [1]
USART_Cmd               0x08009345   0x1c  Code  Gb  stm32f2xx_usart.o [1]
USART_GetFlagStatus     0x080093c7   0x1e  Code  Gb  stm32f2xx_usart.o [1]
USART_ITConfig          0x08009371   0x56  Code  Gb  stm32f2xx_usart.o [1]
USART_Init              0x08009249   0xee  Code  Gb  stm32f2xx_usart.o [1]
USART_ReceiveData       0x08009369    0x8  Code  Gb  stm32f2xx_usart.o [1]
USART_SendData          0x08009361    0x8  Code  Gb  stm32f2xx_usart.o [1]
UsageFault_Handler      0x0800def5         Code  Wk  startup_stm32f2xx.o [1]
WWDG_IRQHandler         0x0800df05         Code  Wk  startup_stm32f2xx.o [1]
WaitForDRDY             0x20000d2b    0x1  Data  Lc  commands.o [1]
WriteToRegister         0x08006631   0x8a  Code  Gb  spi.o [1]
_BurstRead              0x080010f5  0x170  Code  Gb  commands.o [1]
_CmdHelp                0x080060e1   0x36  Code  Lc  commandLine.o [1]
_Dispatch               0x08006093   0x4e  Code  Lc  commandLine.o [1]
_DisplayMesage_A1       0x08004125  0x120  Code  Gb  commands.o [1]
_DisplayMesage_A2       0x08004259  0x116  Code  Gb  commands.o [1]
_DisplayMesage_N1       0x08004379  0x112  Code  Gb  commands.o [1]
_DisplayMesage_S0       0x08003e09   0xec  Code  Gb  commands.o [1]
_DisplayMesage_S1       0x08003f01  0x218  Code  Gb  commands.o [1]
_DisplayMesage_Stnd     0x08003b59  0x128  Code  Gb  commands.o [1]
_DisplayMesage_Stnd2    0x08003c9d  0x138  Code  Gb  commands.o [1]
_ExecLine               0x08005fdb   0x1a  Code  Lc  commandLine.o [1]
_InitDataReady          0x080001e1   0x8c  Code  Gb  commands.o [1]
_IsdstStr               0x2000008c    0x4  Data  Gb  setlocale.o [3]
_LocaleC_isalpha        0x0800a3ad   0x16  Code  Gb  xlocale_c.o [3]
_LocaleC_isspace        0x0800a3c3   0x14  Code  Gb  xlocale_c.o [3]
_LocaleC_tolower        0x0800a3d7    0xc  Code  Gb  xlocale_c.o [3]
_LocaleForCat           0x0800a395   0x12  Code  Gb  setlocale.o [3]
_LocaleReturnString     0x200000ac   0x50  Data  Lc  setlocale.o [3]
_Locale_Profile         0x20000090   0x1c  Data  Gb  setlocale.o [3]
_Locale_aeabi_lconv     0x20000050   0x38  Data  Gb  localeconv.o [3]
_Locale_lconv           0x20000000   0x50  Data  Gb  localeconv.o [3]
_PrintHeader            0x08003ac1   0x70  Code  Gb  commands.o [1]
_PrintfTiny             0x08008e39  0x142  Code  Gb  xprintftiny.o [3]
_SPI3_Init              0x080061b7  0x144  Code  Gb  spi.o [1]
_SProut                 0x08006aaf    0xa  Code  Gb  xsprout.o [3]
_SendIndraConfigCmds    0x080037dd   0xdc  Code  Gb  commands.o [1]
_SendJDConfigCmds       0x080036f1   0xdc  Code  Gb  commands.o [1]
_SetOutputDataRate      0x080039f5   0xcc  Code  Gb  commands.o [1]
_SetSPIClockSpeed       0x080053c3   0x44  Code  Gb  commands.o [1]
_Stoflt                 0x08009c41  0x1bc  Code  Gb  xstoflt.o [3]
_Stopfx                 0x08009b0d  0x134  Code  Gb  xstopfx.o [3]
_Stoxflt                0x0800a041  0x1d4  Code  Gb  xstoxflt.o [3]
_ToggleInputPin         0x080038e1   0xee  Code  Gb  commands.o [1]
_TzoneStr               0x20000088    0x4  Data  Gb  setlocale.o [3]
_UserCommSpiDMADoneCallback
                        0x08007349    0xe  Code  Lc  UserCommunication_SPI.o [1]
_WhoAmI                 0x0800367b   0x5e  Code  Gb  commands.o [1]
__aeabi_cdcmpeq         0x08008aa9         Code  Gb  DblCmpEq.o [4]
__aeabi_cdcmple         0x08007429         Code  Gb  DblCmpLe.o [4]
__aeabi_cdrcmple        0x080073f9         Code  Gb  DblCmpGe.o [4]
__aeabi_cfcmple         0x08007eb5         Code  Gb  FltCmpLe.o [4]
__aeabi_cfrcmple        0x08006d3d         Code  Gb  FltCmpGe.o [4]
__aeabi_d2f             0x08006cad         Code  Gb  DblToFlt.o [4]
__aeabi_d2iz            0x080071e1         Code  Gb  DblToI32.o [4]
__aeabi_dadd            0x08006dad         Code  Gb  DblAdd.o [4]
__aeabi_ddiv            0x08006f99         Code  Gb  DblDiv.o [4]
__aeabi_dmul            0x08006b09         Code  Gb  DblMul.o [4]
__aeabi_dsub            0x08008485         Code  Gb  DblSub.o [4]
__aeabi_errno_addr      0x08008ac9    0x6  Code  Gb  errno.o [3]
__aeabi_f2d             0x08006ab9         Code  Gb  FltToDbl.o [4]
__aeabi_f2iz            0x08006d61         Code  Gb  FltToS32.o [4]
__aeabi_fmul            0x0800823d         Code  Gb  FltMul.o [4]
__aeabi_fsub            0x08008155         Code  Gb  FltSub.o [4]
__aeabi_i2d             0x080073cd         Code  Gb  I32ToDbl.o [4]
__aeabi_i2f             0x08006a7d         Code  Gb  I32ToFlt.o [4]
__aeabi_memclr4         0x08006a55         Code  Gb  ABImemclr4.o [5]
__aeabi_memcpy          0x08009139         Code  Gb  ABImemcpy.o [5]
__aeabi_memcpy4         0x08009159         Code  Gb  ABImemcpy.o [5]
__aeabi_memcpy8         0x08009159         Code  Gb  ABImemcpy.o [5]
__aeabi_memset          0x08008605         Code  Gb  ABImemset.o [5]
__aeabi_ui2f            0x08006a91         Code  Gb  I32ToFlt.o [4]
__cmain                 0x0800d85d         Code  Gb  cmain.o [5]
__exit                  0x0800c031   0x14  Code  Gb  exit.o [7]
__iar_Dint              0x08008a2b   0x7e  Code  Gb  xdint.o [4]
__iar_Dnorm             0x080089e9   0x42  Code  Gb  xdnorm.o [4]
__iar_Dscale            0x08009809  0x10c  Code  Gb  xdscale.o [4]
__iar_Dtentox           0x08009ea7  0x138  Code  Gb  xdtento.o [4]
__iar_Dtest             0x080097d7   0x32  Code  Gb  xdtest.o [4]
__iar_Dunscale          0x0800a451   0x56  Code  Gb  xdunscal.o [4]
__iar_Errno             0x20000150    0x4  Data  Gb  errno.o [3]
__iar_Exp               0x08008b7d  0x29e  Code  Gb  xexp.o [4]
__iar_Locale_lconv_init
                        0x0800a3e5   0x3a  Code  Gb  localeconv.o [3]
__iar_Logpoly           0x08008ad5   0x6e  Code  Gb  xlog.o [4]
__iar_Memchr            0x08009ab5         Code  Gb  memchr.o [5]
__iar_Memset            0x08008605         Code  Gb  ABImemset.o [5]
__iar_Memset4_word      0x08008451         Code  Gb  ABImemset48.o [5]
__iar_Memset8_word      0x08008451         Code  Gb  ABImemset48.o [5]
__iar_Memset_word       0x0800860d         Code  Gb  ABImemset.o [5]
__iar_Stod              0x080097d1    0x4  Code  Gb  xstod.o [4]
__iar_Stodx             0x08009695  0x130  Code  Gb  xstod.o [4]
__iar_Stoul             0x08009641    0x4  Code  Gb  xstoul.o [3]
__iar_Stoulx            0x08009529  0x112  Code  Gb  xstoul.o [3]
__iar_d2uiz             0x0800720d         Code  Gb  DblToI32.o [4]
__iar_dadd              0x08006dc1         Code  Gb  DblAdd.o [4]
__iar_data_init3        0x0800d185   0x28  Code  Gb  data_init.o [5]
__iar_dlib_perthread_access
                        0x080097d5    0x2  Code  Gb  xtls.o [3]
__iar_dsub              0x08008499         Code  Gb  DblSub.o [4]
__iar_dsubStart         0x080084ab         Code  Gb  DblSub.o [4]
__iar_fadd              0x080094b5         Code  Gb  FltAdd.o [4]
__iar_fsub              0x08008165         Code  Gb  FltSub.o [4]
__iar_fsubStart         0x08008175         Code  Gb  FltSub.o [4]
__iar_packbits_init3    0x0800bf9b   0x8e  Code  Gb  packbits_init.o [5]
__iar_program_start     0x0800dd25         Code  Gb  cstartup_M.o [5]
__iar_strcmp            0x0800722d         Code  Gb  strcmp.o [5]
__iar_ui2d              0x080073e1         Code  Gb  I32ToDbl.o [4]
__iar_ui2f              0x08006a95         Code  Gb  I32ToFlt.o [4]
__iar_zero_init3        0x08006a5b   0x22  Code  Gb  zero_init3.o [5]
__low_level_init        0x0800d873    0x4  Code  Gb  low_level_init.o [3]
__vector_table          0x08000000         Data  Gb  startup_stm32f2xx.o [1]
_calcCRC                0x0800614d   0x6a  Code  Gb  spi.o [1]
_call_main              0x0800d869         Code  Gb  cmain.o [5]
_crc                    0x20000156    0x2  Data  Lc  spi.o [1]
_exit                   0x0800d87d         Code  Gb  cexit.o [5]
_initCRC                0x08006145    0x8  Code  Gb  spi.o [1]
_main                   0x0800d86f         Code  Gb  cmain.o [5]
_spi_set_baud           0x0800632b   0x66  Code  Gb  spi.o [1]
abort                   0x0800c029    0x6  Code  Gb  abort.o [3]
abs                     0x08006da5    0x8  Code  Gb  abs.o [3]
activateApplication     0x080054ef   0x32  Code  Gb  commands.o [1]
atof                    0x0800831d    0x8  Code  Gb  atof.o [4]
atoi                    0x08008315    0x8  Code  Gb  atoi.o [3]
burstReadSequence       0x0800478d   0xb0  Code  Lc  commands.o [1]
dataBuffer              0x20000778   0xc8  Data  Gb  commands.o [1]
ddd                     0x20000ce4    0x4  Data  Lc  commands.o [1]
digits                  0x08009644   0x28  Data  Lc  xstoul.o [3]
displayHex              0x20000d2c    0x1  Data  Lc  commands.o [1]
dmul                    0x08009e79   0x2e  Code  Lc  xdtento.o [4]
doSelfTest              0x0800459d  0x14c  Code  Gb  commands.o [1]
dt_usec                 0x20000cd8    0x4  Data  Gb  SyncTimer.o [1]
endingAddress           0x20000d29    0x1  Data  Lc  commands.o [1]
exit                    0x0800d877    0x4  Code  Gb  exit.o [3]
fragment                0x20000588  0x100  Data  Gb  commands.o [1]
freqRatio               0x20000154    0x2  Data  Gb  SyncTimer.o [1]
gCircRxBufMemory        0x20000bd8   0x80  Data  Lc  debug_usart.o [1]
gCircTxBufMemory        0x2000015c  0x200  Data  Lc  debug_usart.o [1]
gCmdLine                0x20000c58   0x50  Data  Lc  commandLine.o [1]
gCmdLineIndex           0x20000cdc    0x4  Data  Lc  commandLine.o [1]
gCommands               0x0800a4a8  0x370  Data  Gb  commandTable.o [1]
gDebugUsartRxCircBuf    0x20000ca8   0x10  Data  Lc  debug_usart.o [1]
gDebugUsartTxCircBuf    0x20000cb8   0x10  Data  Lc  debug_usart.o [1]
gIsrDisableCount        0x20000cf4    0x4  Data  Lc  salvohook_interrupt.o [1]
gOsSysTicks             0x2000014c    0x4  Data  Lc  timer.o [1]
gSPI3CallbackOnDMAComplete
                        0x20000cf8    0x4  Data  Gb  spi.o [1]
gSysTicks               0x20000cfc    0x4  Data  Lc  timer.o [1]
imageLength             0x20000cf0    0x4  Data  Gb  commands.o [1]
internal_Pow            0x08007459  0x428  Code  Lc  pow.o [4]
isalpha                 0x08009a79   0x14  Code  Gb  isxxx.o [3]
isspace                 0x08009a8d   0x14  Code  Gb  isxxx.o [3]
itoa                    0x080058bd   0x84  Code  Lc  debug.o [1]
led_off                 0x0800727d    0xe  Code  Gb  bsp.o [1]
led_on                  0x0800726f    0xe  Code  Gb  bsp.o [1]
led_toggle              0x0800728b    0xe  Code  Gb  bsp.o [1]
lnbias                  0x08007898  0x420  Data  Lc  pow.o [4]
localeconv              0x0800a41f   0x16  Code  Gb  localeconv.o [3]
main                    0x0800b081   0xb6  Code  Gb  main.o [1]
memchr                  0x08009ab5         Code  Gb  memchr.o [5]
memcpy                  0x08007ed9   0x16  Code  Gb  commands.o [1]
memset                  0x08006e95   0x16  Code  Gb  commands.o [1]
msgType                 0x20000cc8    0x8  Data  Lc  commands.o [1]
ndigs                   0x0800966c   0x28  Data  Lc  xstoul.o [3]
numberOfBytes           0x20000159    0x1  Data  Lc  commands.o [1]
oriRetention            0x08004d13   0xc6  Code  Gb  commands.o [1]
out                     0x08008e21   0x18  Code  Lc  xprintftiny.o [3]
pow                     0x08007887    0xe  Code  Gb  pow.o [4]
pows                    0x08009ff8   0x48  Data  Lc  xdtento.o [4]
programApplicationImage
                        0x08005593   0xaa  Code  Gb  commands.o [1]
programBlock            0x08005521   0x40  Code  Gb  commands.o [1]
pwmDivider              0x20000d26    0x1  Data  Gb  SyncTimer.o [1]
pwmEnabled              0x20000d25    0x1  Data  Gb  SyncTimer.o [1]
repeatSelfTest          0x08004ed5  0x162  Code  Gb  commands.o [1]
repeatSelfTestSequence  0x08004dd9   0xf4  Code  Lc  commands.o [1]
resetDevice             0x08005561   0x32  Code  Gb  commands.o [1]
restartUUT              0x080046f1   0x9c  Code  Lc  commands.o [1]
selfTestSequence        0x0800483d   0xb2  Code  Lc  commands.o [1]
sendEnterBootModeCommand
                        0x080054bd   0x32  Code  Gb  commands.o [1]
spi_configure           0x080062fb   0x24  Code  Gb  spi.o [1]
spi_go_even_faster      0x0800639f    0xe  Code  Gb  spi.o [1]
spi_go_fast             0x08006391    0xe  Code  Gb  spi.o [1]
spi_go_faster           0x080063bb    0xe  Code  Gb  spi.o [1]
spi_go_really_slow      0x080063d7    0xe  Code  Gb  spi.o [1]
spi_go_slightly_faster  0x080063ad    0xe  Code  Gb  spi.o [1]
spi_go_slow             0x080063c9    0xe  Code  Gb  spi.o [1]
sprintf                 0x08007cb9   0x34  Code  Gb  sprintf.o [3]
startSequence           0x08004905  0x1e0  Code  Lc  commands.o [1]
startingAddress         0x20000158    0x1  Data  Lc  commands.o [1]
strcmp                  0x0800722d         Code  Gb  strcmp.o [5]
strcmpi                 0x08006ec1   0x4a  Code  Gb  utilities.o [1]
strcpy                  0x08006f85   0x14  Code  Gb  utilities.o [1]
strlen                  0x08009915         Code  Gb  strlen.o [5]
strrep                  0x08006f0b   0x16  Code  Gb  utilities.o [1]
strtok_r                0x08006f21   0x64  Code  Gb  utilities.o [1]
testNumber              0x20000cec    0x4  Data  Lc  commands.o [1]
tolower                 0x08006eab   0x16  Code  Lc  utilities.o [1]
tolower                 0x08009aa1   0x14  Code  Gb  tolower.o [3]
validateApplicationImage
                        0x08005429   0x70  Code  Gb  commands.o [1]
waitMs                  0x080001c3   0x1e  Code  Lc  commands.o [1]
writeSeqence            0x08004af5   0x98  Code  Lc  commands.o [1]


[1] = E:\GitHub\SPI_Master\spi_master\Trunk\iar\Debug\Obj
[2] = command line
[3] = dl7M_tlf.a
[4] = m7M_tl.a
[5] = rt7M_tl.a
[6] = salvo.a
[7] = shb_l.a

  44 303 bytes of readonly  code memory
  13 191 bytes of readonly  data memory
   5 425 bytes of readwrite data memory

Errors: none
Warnings: none
